<!doctype html public "-//w3c//dtd html 4.0 transitional//en">
<html><head>
<title>Static Call Graph - [.\Demo\zmFrameWorkTest.axf]</title></head>
<body><HR>
<H1>Static Call Graph for image .\Demo\zmFrameWorkTest.axf</H1><HR>
<BR><P>#&#060CALLGRAPH&#062# ARM Linker, 6210000: Last Updated: Sun Jan  4 18:11:16 2026
<BR><P>
<H3>Maximum Stack Usage =        692 bytes + Unknown(Cycles, Untraceable Function Pointers)</H3><H3>
Call chain for Maximum Stack Depth:</H3>
main &rArr; T_Enter &rArr; Storage_Write &rArr; Storage_CHeck &rArr; memcmp
<P>
<H3>
Mutually Recursive functions
</H3> <LI><a href="#[2]">HardFault_Handler</a>&nbsp;&nbsp;&nbsp;&rArr;&nbsp;&nbsp;&nbsp;<a href="#[2]">HardFault_Handler</a><BR>
 <LI><a href="#[3]">MemManage_Handler</a>&nbsp;&nbsp;&nbsp;&rArr;&nbsp;&nbsp;&nbsp;<a href="#[3]">MemManage_Handler</a><BR>
 <LI><a href="#[4]">BusFault_Handler</a>&nbsp;&nbsp;&nbsp;&rArr;&nbsp;&nbsp;&nbsp;<a href="#[4]">BusFault_Handler</a><BR>
 <LI><a href="#[5]">UsageFault_Handler</a>&nbsp;&nbsp;&nbsp;&rArr;&nbsp;&nbsp;&nbsp;<a href="#[5]">UsageFault_Handler</a><BR>
 <LI><a href="#[1c]">ADC1_2_IRQHandler</a>&nbsp;&nbsp;&nbsp;&rArr;&nbsp;&nbsp;&nbsp;<a href="#[1c]">ADC1_2_IRQHandler</a><BR>
 <LI><a href="#[1]">NMI_Handler</a>&nbsp;&nbsp;&nbsp;&rArr;&nbsp;&nbsp;&nbsp;<a href="#[1]">NMI_Handler</a><BR>
 <LI><a href="#[cd]">List_Contains</a>&nbsp;&nbsp;&nbsp;&rArr;&nbsp;&nbsp;&nbsp;<a href="#[cd]">List_Contains</a><BR>
</UL>
<P>
<H3>
Function Pointers
</H3><UL>
 <LI><a href="#[1c]">ADC1_2_IRQHandler</a> from startup_stm32f103xb.o(.text) referenced from startup_stm32f103xb.o(RESET)
 <LI><a href="#[4]">BusFault_Handler</a> from startup_stm32f103xb.o(.text) referenced from startup_stm32f103xb.o(RESET)
 <LI><a href="#[1f]">CAN1_RX1_IRQHandler</a> from startup_stm32f103xb.o(.text) referenced from startup_stm32f103xb.o(RESET)
 <LI><a href="#[20]">CAN1_SCE_IRQHandler</a> from startup_stm32f103xb.o(.text) referenced from startup_stm32f103xb.o(RESET)
 <LI><a href="#[15]">DMA1_Channel1_IRQHandler</a> from startup_stm32f103xb.o(.text) referenced from startup_stm32f103xb.o(RESET)
 <LI><a href="#[16]">DMA1_Channel2_IRQHandler</a> from lto-llvm-abfbe1.o(.text.DMA1_Channel2_IRQHandler) referenced from startup_stm32f103xb.o(RESET)
 <LI><a href="#[17]">DMA1_Channel3_IRQHandler</a> from lto-llvm-abfbe1.o(.text.DMA1_Channel3_IRQHandler) referenced from startup_stm32f103xb.o(RESET)
 <LI><a href="#[18]">DMA1_Channel4_IRQHandler</a> from lto-llvm-abfbe1.o(.text.DMA1_Channel4_IRQHandler) referenced from startup_stm32f103xb.o(RESET)
 <LI><a href="#[19]">DMA1_Channel5_IRQHandler</a> from lto-llvm-abfbe1.o(.text.DMA1_Channel5_IRQHandler) referenced from startup_stm32f103xb.o(RESET)
 <LI><a href="#[1a]">DMA1_Channel6_IRQHandler</a> from lto-llvm-abfbe1.o(.text.DMA1_Channel6_IRQHandler) referenced from startup_stm32f103xb.o(RESET)
 <LI><a href="#[1b]">DMA1_Channel7_IRQHandler</a> from lto-llvm-abfbe1.o(.text.DMA1_Channel7_IRQHandler) referenced from startup_stm32f103xb.o(RESET)
 <LI><a href="#[7]">DebugMon_Handler</a> from lto-llvm-abfbe1.o(.text.DebugMon_Handler) referenced from startup_stm32f103xb.o(RESET)
 <LI><a href="#[10]">EXTI0_IRQHandler</a> from lto-llvm-abfbe1.o(.text.EXTI0_IRQHandler) referenced from startup_stm32f103xb.o(RESET)
 <LI><a href="#[32]">EXTI15_10_IRQHandler</a> from lto-llvm-abfbe1.o(.text.EXTI15_10_IRQHandler) referenced from startup_stm32f103xb.o(RESET)
 <LI><a href="#[11]">EXTI1_IRQHandler</a> from lto-llvm-abfbe1.o(.text.EXTI1_IRQHandler) referenced from startup_stm32f103xb.o(RESET)
 <LI><a href="#[12]">EXTI2_IRQHandler</a> from lto-llvm-abfbe1.o(.text.EXTI2_IRQHandler) referenced from startup_stm32f103xb.o(RESET)
 <LI><a href="#[13]">EXTI3_IRQHandler</a> from lto-llvm-abfbe1.o(.text.EXTI3_IRQHandler) referenced from startup_stm32f103xb.o(RESET)
 <LI><a href="#[14]">EXTI4_IRQHandler</a> from lto-llvm-abfbe1.o(.text.EXTI4_IRQHandler) referenced from startup_stm32f103xb.o(RESET)
 <LI><a href="#[21]">EXTI9_5_IRQHandler</a> from lto-llvm-abfbe1.o(.text.EXTI9_5_IRQHandler) referenced from startup_stm32f103xb.o(RESET)
 <LI><a href="#[e]">FLASH_IRQHandler</a> from startup_stm32f103xb.o(.text) referenced from startup_stm32f103xb.o(RESET)
 <LI><a href="#[7b]">Flash_BlockCHanged</a> from lto-llvm-abfbe1.o(.text.Flash_BlockCHanged) referenced from lto-llvm-abfbe1.o(.rodata.T_FlashInit._FlashEvent)
 <LI><a href="#[7a]">Flash_BlockCHanging</a> from lto-llvm-abfbe1.o(.text.Flash_BlockCHanging) referenced from lto-llvm-abfbe1.o(.rodata.T_FlashInit._FlashEvent)
 <LI><a href="#[5c]">FrameQueue_AskDequeue</a> from lto-llvm-abfbe1.o(.text.FrameQueue_AskDequeue) referenced from lto-llvm-abfbe1.o(.rodata..compoundliteral.111)
 <LI><a href="#[5b]">FrameQueue_AskEnqueue</a> from lto-llvm-abfbe1.o(.text.FrameQueue_AskEnqueue) referenced from lto-llvm-abfbe1.o(.rodata..compoundliteral.111)
 <LI><a href="#[3d]">FrameQueue_ByteCount</a> from lto-llvm-abfbe1.o(.text.FrameQueue_ByteCount) referenced from lto-llvm-abfbe1.o(.rodata..compoundliteral.111)
 <LI><a href="#[3d]">FrameQueue_ByteCount</a> from lto-llvm-abfbe1.o(.text.FrameQueue_ByteCount) referenced from lto-llvm-abfbe1.o(.text.I2C_ReceiveByteCount)
 <LI><a href="#[3d]">FrameQueue_ByteCount</a> from lto-llvm-abfbe1.o(.text.FrameQueue_ByteCount) referenced from lto-llvm-abfbe1.o(.text.SerialPort_ReceiveByteCount)
 <LI><a href="#[5e]">FrameQueue_Clear</a> from lto-llvm-abfbe1.o(.text.FrameQueue_Clear) referenced from lto-llvm-abfbe1.o(.rodata..compoundliteral.111)
 <LI><a href="#[57]">FrameQueue_Create</a> from lto-llvm-abfbe1.o(.text.FrameQueue_Create) referenced from lto-llvm-abfbe1.o(.rodata..compoundliteral.111)
 <LI><a href="#[5a]">FrameQueue_Dequeue</a> from lto-llvm-abfbe1.o(.text.FrameQueue_Dequeue) referenced from lto-llvm-abfbe1.o(.rodata..compoundliteral.111)
 <LI><a href="#[58]">FrameQueue_Dispose</a> from lto-llvm-abfbe1.o(.text.FrameQueue_Dispose) referenced from lto-llvm-abfbe1.o(.rodata..compoundliteral.111)
 <LI><a href="#[59]">FrameQueue_Enqueue</a> from lto-llvm-abfbe1.o(.text.FrameQueue_Enqueue) referenced from lto-llvm-abfbe1.o(.rodata..compoundliteral.111)
 <LI><a href="#[3c]">FrameQueue_FirstFrameLength</a> from lto-llvm-abfbe1.o(.text.FrameQueue_FirstFrameLength) referenced from lto-llvm-abfbe1.o(.rodata..compoundliteral.111)
 <LI><a href="#[3c]">FrameQueue_FirstFrameLength</a> from lto-llvm-abfbe1.o(.text.FrameQueue_FirstFrameLength) referenced from lto-llvm-abfbe1.o(.text.I2C_ReceiveByteCount)
 <LI><a href="#[3c]">FrameQueue_FirstFrameLength</a> from lto-llvm-abfbe1.o(.text.FrameQueue_FirstFrameLength) referenced from lto-llvm-abfbe1.o(.text.SerialPort_ReceiveByteCount)
 <LI><a href="#[5f]">FrameQueue_GetState</a> from lto-llvm-abfbe1.o(.text.FrameQueue_GetState) referenced from lto-llvm-abfbe1.o(.rodata..compoundliteral.111)
 <LI><a href="#[5d]">FrameQueue_RemBufferSize</a> from lto-llvm-abfbe1.o(.text.FrameQueue_RemBufferSize) referenced from lto-llvm-abfbe1.o(.rodata..compoundliteral.111)
 <LI><a href="#[2]">HardFault_Handler</a> from startup_stm32f103xb.o(.text) referenced from startup_stm32f103xb.o(RESET)
 <LI><a href="#[2a]">I2C1_ER_IRQHandler</a> from lto-llvm-abfbe1.o(.text.I2C1_ER_IRQHandler) referenced from startup_stm32f103xb.o(RESET)
 <LI><a href="#[29]">I2C1_EV_IRQHandler</a> from lto-llvm-abfbe1.o(.text.I2C1_EV_IRQHandler) referenced from startup_stm32f103xb.o(RESET)
 <LI><a href="#[2c]">I2C2_ER_IRQHandler</a> from lto-llvm-abfbe1.o(.text.I2C2_ER_IRQHandler) referenced from startup_stm32f103xb.o(RESET)
 <LI><a href="#[2b]">I2C2_EV_IRQHandler</a> from lto-llvm-abfbe1.o(.text.I2C2_EV_IRQHandler) referenced from startup_stm32f103xb.o(RESET)
 <LI><a href="#[77]">I2C_AskWriteBuffer</a> from lto-llvm-abfbe1.o(.text.I2C_AskWriteBuffer) referenced from lto-llvm-abfbe1.o(.rodata..compoundliteral.43)
 <LI><a href="#[70]">I2C_Close</a> from lto-llvm-abfbe1.o(.text.I2C_Close) referenced from lto-llvm-abfbe1.o(.rodata..compoundliteral.43)
 <LI><a href="#[6e]">I2C_DeInit</a> from lto-llvm-abfbe1.o(.text.I2C_DeInit) referenced from lto-llvm-abfbe1.o(.rodata..compoundliteral.43)
 <LI><a href="#[78]">I2C_GetSetting</a> from lto-llvm-abfbe1.o(.text.I2C_GetSetting) referenced from lto-llvm-abfbe1.o(.rodata..compoundliteral.43)
 <LI><a href="#[75]">I2C_GetState</a> from lto-llvm-abfbe1.o(.text.I2C_GetState) referenced from lto-llvm-abfbe1.o(.rodata..compoundliteral.43)
 <LI><a href="#[6d]">I2C_Init</a> from lto-llvm-abfbe1.o(.text.I2C_Init) referenced from lto-llvm-abfbe1.o(.rodata..compoundliteral.43)
 <LI><a href="#[6f]">I2C_Open</a> from lto-llvm-abfbe1.o(.text.I2C_Open) referenced from lto-llvm-abfbe1.o(.rodata..compoundliteral.43)
 <LI><a href="#[76]">I2C_PickReceivedStream</a> from lto-llvm-abfbe1.o(.text.I2C_PickReceivedStream) referenced from lto-llvm-abfbe1.o(.rodata..compoundliteral.43)
 <LI><a href="#[71]">I2C_Read</a> from lto-llvm-abfbe1.o(.text.I2C_Read) referenced from lto-llvm-abfbe1.o(.rodata..compoundliteral.43)
 <LI><a href="#[73]">I2C_ReceiveByteCount</a> from lto-llvm-abfbe1.o(.text.I2C_ReceiveByteCount) referenced from lto-llvm-abfbe1.o(.rodata..compoundliteral.43)
 <LI><a href="#[79]">I2C_UpdateSetting</a> from lto-llvm-abfbe1.o(.text.I2C_UpdateSetting) referenced from lto-llvm-abfbe1.o(.rodata..compoundliteral.43)
 <LI><a href="#[72]">I2C_Write</a> from lto-llvm-abfbe1.o(.text.I2C_Write) referenced from lto-llvm-abfbe1.o(.rodata..compoundliteral.43)
 <LI><a href="#[74]">I2C_WriteBufferRemByteCount</a> from lto-llvm-abfbe1.o(.text.I2C_WriteBufferRemByteCount) referenced from lto-llvm-abfbe1.o(.rodata..compoundliteral.43)
 <LI><a href="#[3e]">MX_SPI1_Init</a> from lto-llvm-abfbe1.o(.text.MX_SPI1_Init) referenced from lto-llvm-abfbe1.o(.text.SPI_Open)
 <LI><a href="#[3f]">MX_SPI2_Init</a> from lto-llvm-abfbe1.o(.text.MX_SPI2_Init) referenced from lto-llvm-abfbe1.o(.text.SPI_Open)
 <LI><a href="#[40]">MX_SPI3_Init</a> from lto-llvm-abfbe1.o(.text.MX_SPI3_Init) referenced from lto-llvm-abfbe1.o(.text.SPI_Open)
 <LI><a href="#[44]">MX_UART4_Init</a> from lto-llvm-abfbe1.o(.text.MX_UART4_Init) referenced from lto-llvm-abfbe1.o(.text.SerialPort_Open)
 <LI><a href="#[45]">MX_UART5_Init</a> from lto-llvm-abfbe1.o(.text.MX_UART5_Init) referenced from lto-llvm-abfbe1.o(.text.SerialPort_Open)
 <LI><a href="#[47]">MX_UART7_Init</a> from lto-llvm-abfbe1.o(.text.MX_UART7_Init) referenced from lto-llvm-abfbe1.o(.text.SerialPort_Open)
 <LI><a href="#[48]">MX_UART8_Init</a> from lto-llvm-abfbe1.o(.text.MX_UART8_Init) referenced from lto-llvm-abfbe1.o(.text.SerialPort_Open)
 <LI><a href="#[41]">MX_USART1_UART_Init</a> from lto-llvm-abfbe1.o(.text.MX_USART1_UART_Init) referenced from lto-llvm-abfbe1.o(.text.SerialPort_Open)
 <LI><a href="#[42]">MX_USART2_UART_Init</a> from lto-llvm-abfbe1.o(.text.MX_USART2_UART_Init) referenced from lto-llvm-abfbe1.o(.text.SerialPort_Open)
 <LI><a href="#[43]">MX_USART3_UART_Init</a> from lto-llvm-abfbe1.o(.text.MX_USART3_UART_Init) referenced from lto-llvm-abfbe1.o(.text.SerialPort_Open)
 <LI><a href="#[46]">MX_USART6_UART_Init</a> from lto-llvm-abfbe1.o(.text.MX_USART6_UART_Init) referenced from lto-llvm-abfbe1.o(.text.SerialPort_Open)
 <LI><a href="#[3]">MemManage_Handler</a> from startup_stm32f103xb.o(.text) referenced from startup_stm32f103xb.o(RESET)
 <LI><a href="#[1]">NMI_Handler</a> from lto-llvm-abfbe1.o(.text.NMI_Handler) referenced from startup_stm32f103xb.o(RESET)
 <LI><a href="#[b]">PVD_IRQHandler</a> from startup_stm32f103xb.o(.text) referenced from startup_stm32f103xb.o(RESET)
 <LI><a href="#[8]">PendSV_Handler</a> from lto-llvm-abfbe1.o(.text.PendSV_Handler) referenced from startup_stm32f103xb.o(RESET)
 <LI><a href="#[f]">RCC_IRQHandler</a> from startup_stm32f103xb.o(.text) referenced from startup_stm32f103xb.o(RESET)
 <LI><a href="#[33]">RTC_Alarm_IRQHandler</a> from startup_stm32f103xb.o(.text) referenced from startup_stm32f103xb.o(RESET)
 <LI><a href="#[d]">RTC_IRQHandler</a> from startup_stm32f103xb.o(.text) referenced from startup_stm32f103xb.o(RESET)
 <LI><a href="#[0]">Reset_Handler</a> from startup_stm32f103xb.o(.text) referenced from startup_stm32f103xb.o(RESET)
 <LI><a href="#[2d]">SPI1_IRQHandler</a> from startup_stm32f103xb.o(.text) referenced from startup_stm32f103xb.o(RESET)
 <LI><a href="#[2e]">SPI2_IRQHandler</a> from startup_stm32f103xb.o(.text) referenced from startup_stm32f103xb.o(RESET)
 <LI><a href="#[8f]">SPI_AskWriteBuffer</a> from lto-llvm-abfbe1.o(.text.SPI_AskWriteBuffer) referenced from lto-llvm-abfbe1.o(.rodata.g_zmSPISyncMasterManager)
 <LI><a href="#[88]">SPI_Close</a> from lto-llvm-abfbe1.o(.text.SPI_Close) referenced from lto-llvm-abfbe1.o(.rodata.g_zmSPISyncMasterManager)
 <LI><a href="#[86]">SPI_DeInit</a> from lto-llvm-abfbe1.o(.text.SPI_DeInit) referenced from lto-llvm-abfbe1.o(.rodata.g_zmSPISyncMasterManager)
 <LI><a href="#[90]">SPI_GetSetting</a> from lto-llvm-abfbe1.o(.text.SPI_GetSetting) referenced from lto-llvm-abfbe1.o(.rodata.g_zmSPISyncMasterManager)
 <LI><a href="#[8d]">SPI_GetState</a> from lto-llvm-abfbe1.o(.text.SPI_GetState) referenced from lto-llvm-abfbe1.o(.rodata.g_zmSPISyncMasterManager)
 <LI><a href="#[85]">SPI_Init</a> from lto-llvm-abfbe1.o(.text.SPI_Init) referenced from lto-llvm-abfbe1.o(.rodata.g_zmSPISyncMasterManager)
 <LI><a href="#[87]">SPI_Open</a> from lto-llvm-abfbe1.o(.text.SPI_Open) referenced from lto-llvm-abfbe1.o(.rodata.g_zmSPISyncMasterManager)
 <LI><a href="#[8e]">SPI_PickReceivedStream</a> from lto-llvm-abfbe1.o(.text.SPI_PickReceivedStream) referenced from lto-llvm-abfbe1.o(.rodata.g_zmSPISyncMasterManager)
 <LI><a href="#[89]">SPI_Read</a> from lto-llvm-abfbe1.o(.text.SPI_Read) referenced from lto-llvm-abfbe1.o(.rodata.g_zmSPISyncMasterManager)
 <LI><a href="#[8b]">SPI_ReceiveByteCount</a> from lto-llvm-abfbe1.o(.text.SPI_ReceiveByteCount) referenced from lto-llvm-abfbe1.o(.rodata.g_zmSPISyncMasterManager)
 <LI><a href="#[91]">SPI_UpdateSetting</a> from lto-llvm-abfbe1.o(.text.SPI_UpdateSetting) referenced from lto-llvm-abfbe1.o(.rodata.g_zmSPISyncMasterManager)
 <LI><a href="#[8a]">SPI_Write</a> from lto-llvm-abfbe1.o(.text.SPI_Write) referenced from lto-llvm-abfbe1.o(.rodata.g_zmSPISyncMasterManager)
 <LI><a href="#[8c]">SPI_WriteBufferRemByteCount</a> from lto-llvm-abfbe1.o(.text.SPI_WriteBufferRemByteCount) referenced from lto-llvm-abfbe1.o(.rodata.g_zmSPISyncMasterManager)
 <LI><a href="#[6]">SVC_Handler</a> from lto-llvm-abfbe1.o(.text.SVC_Handler) referenced from startup_stm32f103xb.o(RESET)
 <LI><a href="#[6a]">SerialPort_AskWriteBuffer</a> from lto-llvm-abfbe1.o(.text.SerialPort_AskWriteBuffer) referenced from lto-llvm-abfbe1.o(.rodata..compoundliteral.33)
 <LI><a href="#[63]">SerialPort_Close</a> from lto-llvm-abfbe1.o(.text.SerialPort_Close) referenced from lto-llvm-abfbe1.o(.rodata..compoundliteral.33)
 <LI><a href="#[61]">SerialPort_DeInit</a> from lto-llvm-abfbe1.o(.text.SerialPort_DeInit) referenced from lto-llvm-abfbe1.o(.rodata..compoundliteral.33)
 <LI><a href="#[6b]">SerialPort_GetSetting</a> from lto-llvm-abfbe1.o(.text.SerialPort_GetSetting) referenced from lto-llvm-abfbe1.o(.rodata..compoundliteral.33)
 <LI><a href="#[68]">SerialPort_GetState</a> from lto-llvm-abfbe1.o(.text.SerialPort_GetState) referenced from lto-llvm-abfbe1.o(.rodata..compoundliteral.33)
 <LI><a href="#[60]">SerialPort_Init</a> from lto-llvm-abfbe1.o(.text.SerialPort_Init) referenced from lto-llvm-abfbe1.o(.rodata..compoundliteral.33)
 <LI><a href="#[62]">SerialPort_Open</a> from lto-llvm-abfbe1.o(.text.SerialPort_Open) referenced from lto-llvm-abfbe1.o(.rodata..compoundliteral.33)
 <LI><a href="#[69]">SerialPort_PickReceivedStream</a> from lto-llvm-abfbe1.o(.text.SerialPort_PickReceivedStream) referenced from lto-llvm-abfbe1.o(.rodata..compoundliteral.33)
 <LI><a href="#[64]">SerialPort_Read</a> from lto-llvm-abfbe1.o(.text.SerialPort_Read) referenced from lto-llvm-abfbe1.o(.rodata..compoundliteral.33)
 <LI><a href="#[66]">SerialPort_ReceiveByteCount</a> from lto-llvm-abfbe1.o(.text.SerialPort_ReceiveByteCount) referenced from lto-llvm-abfbe1.o(.rodata..compoundliteral.33)
 <LI><a href="#[6c]">SerialPort_UpdateSetting</a> from lto-llvm-abfbe1.o(.text.SerialPort_UpdateSetting) referenced from lto-llvm-abfbe1.o(.rodata..compoundliteral.33)
 <LI><a href="#[65]">SerialPort_Write</a> from lto-llvm-abfbe1.o(.text.SerialPort_Write) referenced from lto-llvm-abfbe1.o(.rodata..compoundliteral.33)
 <LI><a href="#[67]">SerialPort_WriteBufferRemByteCount</a> from lto-llvm-abfbe1.o(.text.SerialPort_WriteBufferRemByteCount) referenced from lto-llvm-abfbe1.o(.rodata..compoundliteral.33)
 <LI><a href="#[9]">SysTick_Handler</a> from lto-llvm-abfbe1.o(.text.SysTick_Handler) referenced from startup_stm32f103xb.o(RESET)
 <LI><a href="#[36]">SystemInit</a> from lto-llvm-abfbe1.o(.text.SystemInit) referenced from startup_stm32f103xb.o(.text)
 <LI><a href="#[c]">TAMPER_IRQHandler</a> from startup_stm32f103xb.o(.text) referenced from startup_stm32f103xb.o(RESET)
 <LI><a href="#[22]">TIM1_BRK_IRQHandler</a> from startup_stm32f103xb.o(.text) referenced from startup_stm32f103xb.o(RESET)
 <LI><a href="#[25]">TIM1_CC_IRQHandler</a> from startup_stm32f103xb.o(.text) referenced from startup_stm32f103xb.o(RESET)
 <LI><a href="#[24]">TIM1_TRG_COM_IRQHandler</a> from startup_stm32f103xb.o(.text) referenced from startup_stm32f103xb.o(RESET)
 <LI><a href="#[23]">TIM1_UP_IRQHandler</a> from startup_stm32f103xb.o(.text) referenced from startup_stm32f103xb.o(RESET)
 <LI><a href="#[26]">TIM2_IRQHandler</a> from startup_stm32f103xb.o(.text) referenced from startup_stm32f103xb.o(RESET)
 <LI><a href="#[27]">TIM3_IRQHandler</a> from startup_stm32f103xb.o(.text) referenced from startup_stm32f103xb.o(RESET)
 <LI><a href="#[28]">TIM4_IRQHandler</a> from startup_stm32f103xb.o(.text) referenced from startup_stm32f103xb.o(RESET)
 <LI><a href="#[4f]">T_FlashTestProcess</a> from lto-llvm-abfbe1.o(.text.T_FlashTestProcess) referenced from lto-llvm-abfbe1.o(.text.T_Enter)
 <LI><a href="#[52]">T_I2CProcess_Master</a> from lto-llvm-abfbe1.o(.text.T_I2CProcess_Master) referenced from lto-llvm-abfbe1.o(.text.T_Enter)
 <LI><a href="#[51]">T_PWMProcess</a> from lto-llvm-abfbe1.o(.text.T_PWMProcess) referenced from lto-llvm-abfbe1.o(.text.T_Enter)
 <LI><a href="#[4d]">T_Process</a> from lto-llvm-abfbe1.o(.text.T_Process) referenced from lto-llvm-abfbe1.o(.text.T_Enter)
 <LI><a href="#[4b]">T_RWSysTime</a> from lto-llvm-abfbe1.o(.text.T_RWSysTime) referenced from lto-llvm-abfbe1.o(.text.T_CHeckElementInfo)
 <LI><a href="#[4b]">T_RWSysTime</a> from lto-llvm-abfbe1.o(.text.T_RWSysTime) referenced from lto-llvm-abfbe1.o(ElementInfo)
 <LI><a href="#[53]">T_SPIMSProcess_Master</a> from lto-llvm-abfbe1.o(.text.T_SPIMSProcess_Master) referenced from lto-llvm-abfbe1.o(.text.T_Enter)
 <LI><a href="#[50]">T_UartProcess</a> from lto-llvm-abfbe1.o(.text.T_UartProcess) referenced from lto-llvm-abfbe1.o(.text.T_Enter)
 <LI><a href="#[4e]">Thread_CreateAddThread</a> from lto-llvm-abfbe1.o(.text.Thread_CreateAddThread) referenced from lto-llvm-abfbe1.o(.text.T_Enter)
 <LI><a href="#[54]">Thread_FindCHeckFun</a> from lto-llvm-abfbe1.o(.text.Thread_FindCHeckFun) referenced from lto-llvm-abfbe1.o(.text.Thread_CreateAddThread)
 <LI><a href="#[4c]">Thread_Service</a> from lto-llvm-abfbe1.o(.text.Thread_Service) referenced from lto-llvm-abfbe1.o(.text.T_Enter)
 <LI><a href="#[82]">UH_Flash_DisableEWProtect</a> from lto-llvm-abfbe1.o(.text.UH_Flash_DisableEWProtect) referenced from lto-llvm-abfbe1.o(.rodata.g_InnerFlashManager)
 <LI><a href="#[83]">UH_Flash_EnableEWProtect</a> from lto-llvm-abfbe1.o(.text.UH_Flash_EnableEWProtect) referenced from lto-llvm-abfbe1.o(.rodata.g_InnerFlashManager)
 <LI><a href="#[7f]">UH_Flash_EraseUnit</a> from lto-llvm-abfbe1.o(.text.UH_Flash_EraseUnit) referenced from lto-llvm-abfbe1.o(.rodata.g_InnerFlashManager)
 <LI><a href="#[7c]">UH_Flash_Init</a> from lto-llvm-abfbe1.o(.text.UH_Flash_Init) referenced from lto-llvm-abfbe1.o(.rodata.g_InnerFlashManager)
 <LI><a href="#[80]">UH_Flash_IsBusy</a> from lto-llvm-abfbe1.o(.text.UH_Flash_IsBusy) referenced from lto-llvm-abfbe1.o(.rodata.g_InnerFlashManager)
 <LI><a href="#[84]">UH_Flash_IsEWProtect</a> from lto-llvm-abfbe1.o(.text.UH_Flash_IsEWProtect) referenced from lto-llvm-abfbe1.o(.rodata.g_InnerFlashManager)
 <LI><a href="#[7d]">UH_Flash_Read</a> from lto-llvm-abfbe1.o(.text.UH_Flash_Read) referenced from lto-llvm-abfbe1.o(.rodata.g_InnerFlashManager)
 <LI><a href="#[81]">UH_Flash_WriteBitUnit</a> from lto-llvm-abfbe1.o(.text.UH_Flash_WriteBitUnit) referenced from lto-llvm-abfbe1.o(.rodata.g_InnerFlashManager)
 <LI><a href="#[7e]">UH_Flash_WriteUnit</a> from lto-llvm-abfbe1.o(.text.UH_Flash_WriteUnit) referenced from lto-llvm-abfbe1.o(.rodata.g_InnerFlashManager)
 <LI><a href="#[49]">UH_UART_DMAReceivedReport</a> from lto-llvm-abfbe1.o(.text.UH_UART_DMAReceivedReport) referenced from lto-llvm-abfbe1.o(.text.SerialPort_Open)
 <LI><a href="#[4a]">UH_UART_DMASendReport</a> from lto-llvm-abfbe1.o(.text.UH_UART_DMASendReport) referenced from lto-llvm-abfbe1.o(.text.SerialPort_Open)
 <LI><a href="#[2f]">USART1_IRQHandler</a> from lto-llvm-abfbe1.o(.text.USART1_IRQHandler) referenced from startup_stm32f103xb.o(RESET)
 <LI><a href="#[30]">USART2_IRQHandler</a> from lto-llvm-abfbe1.o(.text.USART2_IRQHandler) referenced from startup_stm32f103xb.o(RESET)
 <LI><a href="#[31]">USART3_IRQHandler</a> from lto-llvm-abfbe1.o(.text.USART3_IRQHandler) referenced from startup_stm32f103xb.o(RESET)
 <LI><a href="#[34]">USBWakeUp_IRQHandler</a> from startup_stm32f103xb.o(.text) referenced from startup_stm32f103xb.o(RESET)
 <LI><a href="#[1d]">USB_HP_CAN1_TX_IRQHandler</a> from startup_stm32f103xb.o(.text) referenced from startup_stm32f103xb.o(RESET)
 <LI><a href="#[1e]">USB_LP_CAN1_RX0_IRQHandler</a> from startup_stm32f103xb.o(.text) referenced from startup_stm32f103xb.o(RESET)
 <LI><a href="#[5]">UsageFault_Handler</a> from startup_stm32f103xb.o(.text) referenced from startup_stm32f103xb.o(RESET)
 <LI><a href="#[a]">WWDG_IRQHandler</a> from startup_stm32f103xb.o(.text) referenced from startup_stm32f103xb.o(RESET)
 <LI><a href="#[37]">__main</a> from entry.o(.ARM.Collect$$$$00000000) referenced from startup_stm32f103xb.o(.text)
 <LI><a href="#[39]">_sbackspace</a> from _sgetc.o(.text) referenced from __0sscanf.o(.text)
 <LI><a href="#[3a]">_scanf_char_input</a> from scanf_char.o(.text) referenced from scanf_char.o(.text)
 <LI><a href="#[38]">_sgetc</a> from _sgetc.o(.text) referenced from __0sscanf.o(.text)
 <LI><a href="#[56]">_sputc</a> from printfa.o(i._sputc) referenced from printfa.o(i.__0sprintf)
 <LI><a href="#[55]">fputc</a> from lto-llvm-abfbe1.o(.text.fputc) referenced from printfa.o(i.__0printf)
 <LI><a href="#[3b]">isspace</a> from isspace_c.o(.text) referenced from scanf_char.o(.text)
 <LI><a href="#[35]">main</a> from lto-llvm-abfbe1.o(.text.main) referenced from entry9a.o(.ARM.Collect$$$$0000000B)
</UL>
<P>
<H3>
Global Symbols
</H3>
<P><STRONG><a name="[37]"></a>__main</STRONG> (Thumb, 0 bytes, Stack size unknown bytes, entry.o(.ARM.Collect$$$$00000000))
<BR>[Address Reference Count : 1]<UL><LI> startup_stm32f103xb.o(.text)
</UL>
<P><STRONG><a name="[116]"></a>_main_stk</STRONG> (Thumb, 0 bytes, Stack size unknown bytes, entry2.o(.ARM.Collect$$$$00000001))

<P><STRONG><a name="[92]"></a>_main_scatterload</STRONG> (Thumb, 0 bytes, Stack size unknown bytes, entry5.o(.ARM.Collect$$$$00000004))
<BR><BR>[Calls]<UL><LI><a href="#[93]">&gt;&gt;</a>&nbsp;&nbsp;&nbsp;__scatterload
</UL>

<P><STRONG><a name="[b0]"></a>__main_after_scatterload</STRONG> (Thumb, 0 bytes, Stack size unknown bytes, entry5.o(.ARM.Collect$$$$00000004))
<BR><BR>[Called By]<UL><LI><a href="#[93]">&gt;&gt;</a>&nbsp;&nbsp;&nbsp;__scatterload
</UL>

<P><STRONG><a name="[117]"></a>_main_clock</STRONG> (Thumb, 0 bytes, Stack size unknown bytes, entry7b.o(.ARM.Collect$$$$00000008))

<P><STRONG><a name="[118]"></a>_main_cpp_init</STRONG> (Thumb, 0 bytes, Stack size unknown bytes, entry8b.o(.ARM.Collect$$$$0000000A))

<P><STRONG><a name="[119]"></a>_main_init</STRONG> (Thumb, 0 bytes, Stack size unknown bytes, entry9a.o(.ARM.Collect$$$$0000000B))

<P><STRONG><a name="[11a]"></a>__rt_final_cpp</STRONG> (Thumb, 0 bytes, Stack size unknown bytes, entry10a.o(.ARM.Collect$$$$0000000D))

<P><STRONG><a name="[11b]"></a>__rt_final_exit</STRONG> (Thumb, 0 bytes, Stack size unknown bytes, entry11a.o(.ARM.Collect$$$$0000000F))

<P><STRONG><a name="[0]"></a>Reset_Handler</STRONG> (Thumb, 8 bytes, Stack size 0 bytes, startup_stm32f103xb.o(.text))
<BR>[Address Reference Count : 1]<UL><LI> startup_stm32f103xb.o(RESET)
</UL>
<P><STRONG><a name="[2]"></a>HardFault_Handler</STRONG> (Thumb, 2 bytes, Stack size 0 bytes, startup_stm32f103xb.o(.text))
<BR><BR>[Calls]<UL><LI><a href="#[2]">&gt;&gt;</a>&nbsp;&nbsp;&nbsp;HardFault_Handler
</UL>
<BR>[Called By]<UL><LI><a href="#[2]">&gt;&gt;</a>&nbsp;&nbsp;&nbsp;HardFault_Handler
</UL>
<BR>[Address Reference Count : 1]<UL><LI> startup_stm32f103xb.o(RESET)
</UL>
<P><STRONG><a name="[3]"></a>MemManage_Handler</STRONG> (Thumb, 2 bytes, Stack size 0 bytes, startup_stm32f103xb.o(.text))
<BR><BR>[Calls]<UL><LI><a href="#[3]">&gt;&gt;</a>&nbsp;&nbsp;&nbsp;MemManage_Handler
</UL>
<BR>[Called By]<UL><LI><a href="#[3]">&gt;&gt;</a>&nbsp;&nbsp;&nbsp;MemManage_Handler
</UL>
<BR>[Address Reference Count : 1]<UL><LI> startup_stm32f103xb.o(RESET)
</UL>
<P><STRONG><a name="[4]"></a>BusFault_Handler</STRONG> (Thumb, 2 bytes, Stack size 0 bytes, startup_stm32f103xb.o(.text))
<BR><BR>[Calls]<UL><LI><a href="#[4]">&gt;&gt;</a>&nbsp;&nbsp;&nbsp;BusFault_Handler
</UL>
<BR>[Called By]<UL><LI><a href="#[4]">&gt;&gt;</a>&nbsp;&nbsp;&nbsp;BusFault_Handler
</UL>
<BR>[Address Reference Count : 1]<UL><LI> startup_stm32f103xb.o(RESET)
</UL>
<P><STRONG><a name="[5]"></a>UsageFault_Handler</STRONG> (Thumb, 2 bytes, Stack size 0 bytes, startup_stm32f103xb.o(.text))
<BR><BR>[Calls]<UL><LI><a href="#[5]">&gt;&gt;</a>&nbsp;&nbsp;&nbsp;UsageFault_Handler
</UL>
<BR>[Called By]<UL><LI><a href="#[5]">&gt;&gt;</a>&nbsp;&nbsp;&nbsp;UsageFault_Handler
</UL>
<BR>[Address Reference Count : 1]<UL><LI> startup_stm32f103xb.o(RESET)
</UL>
<P><STRONG><a name="[1c]"></a>ADC1_2_IRQHandler</STRONG> (Thumb, 0 bytes, Stack size 0 bytes, startup_stm32f103xb.o(.text))
<BR><BR>[Calls]<UL><LI><a href="#[1c]">&gt;&gt;</a>&nbsp;&nbsp;&nbsp;ADC1_2_IRQHandler
</UL>
<BR>[Called By]<UL><LI><a href="#[1c]">&gt;&gt;</a>&nbsp;&nbsp;&nbsp;ADC1_2_IRQHandler
</UL>
<BR>[Address Reference Count : 1]<UL><LI> startup_stm32f103xb.o(RESET)
</UL>
<P><STRONG><a name="[1f]"></a>CAN1_RX1_IRQHandler</STRONG> (Thumb, 0 bytes, Stack size 0 bytes, startup_stm32f103xb.o(.text))
<BR>[Address Reference Count : 1]<UL><LI> startup_stm32f103xb.o(RESET)
</UL>
<P><STRONG><a name="[20]"></a>CAN1_SCE_IRQHandler</STRONG> (Thumb, 0 bytes, Stack size 0 bytes, startup_stm32f103xb.o(.text))
<BR>[Address Reference Count : 1]<UL><LI> startup_stm32f103xb.o(RESET)
</UL>
<P><STRONG><a name="[15]"></a>DMA1_Channel1_IRQHandler</STRONG> (Thumb, 0 bytes, Stack size 0 bytes, startup_stm32f103xb.o(.text))
<BR>[Address Reference Count : 1]<UL><LI> startup_stm32f103xb.o(RESET)
</UL>
<P><STRONG><a name="[e]"></a>FLASH_IRQHandler</STRONG> (Thumb, 0 bytes, Stack size 0 bytes, startup_stm32f103xb.o(.text))
<BR>[Address Reference Count : 1]<UL><LI> startup_stm32f103xb.o(RESET)
</UL>
<P><STRONG><a name="[b]"></a>PVD_IRQHandler</STRONG> (Thumb, 0 bytes, Stack size 0 bytes, startup_stm32f103xb.o(.text))
<BR>[Address Reference Count : 1]<UL><LI> startup_stm32f103xb.o(RESET)
</UL>
<P><STRONG><a name="[f]"></a>RCC_IRQHandler</STRONG> (Thumb, 0 bytes, Stack size 0 bytes, startup_stm32f103xb.o(.text))
<BR>[Address Reference Count : 1]<UL><LI> startup_stm32f103xb.o(RESET)
</UL>
<P><STRONG><a name="[33]"></a>RTC_Alarm_IRQHandler</STRONG> (Thumb, 0 bytes, Stack size 0 bytes, startup_stm32f103xb.o(.text))
<BR>[Address Reference Count : 1]<UL><LI> startup_stm32f103xb.o(RESET)
</UL>
<P><STRONG><a name="[d]"></a>RTC_IRQHandler</STRONG> (Thumb, 0 bytes, Stack size 0 bytes, startup_stm32f103xb.o(.text))
<BR>[Address Reference Count : 1]<UL><LI> startup_stm32f103xb.o(RESET)
</UL>
<P><STRONG><a name="[2d]"></a>SPI1_IRQHandler</STRONG> (Thumb, 0 bytes, Stack size 0 bytes, startup_stm32f103xb.o(.text))
<BR>[Address Reference Count : 1]<UL><LI> startup_stm32f103xb.o(RESET)
</UL>
<P><STRONG><a name="[2e]"></a>SPI2_IRQHandler</STRONG> (Thumb, 0 bytes, Stack size 0 bytes, startup_stm32f103xb.o(.text))
<BR>[Address Reference Count : 1]<UL><LI> startup_stm32f103xb.o(RESET)
</UL>
<P><STRONG><a name="[c]"></a>TAMPER_IRQHandler</STRONG> (Thumb, 0 bytes, Stack size 0 bytes, startup_stm32f103xb.o(.text))
<BR>[Address Reference Count : 1]<UL><LI> startup_stm32f103xb.o(RESET)
</UL>
<P><STRONG><a name="[22]"></a>TIM1_BRK_IRQHandler</STRONG> (Thumb, 0 bytes, Stack size 0 bytes, startup_stm32f103xb.o(.text))
<BR>[Address Reference Count : 1]<UL><LI> startup_stm32f103xb.o(RESET)
</UL>
<P><STRONG><a name="[25]"></a>TIM1_CC_IRQHandler</STRONG> (Thumb, 0 bytes, Stack size 0 bytes, startup_stm32f103xb.o(.text))
<BR>[Address Reference Count : 1]<UL><LI> startup_stm32f103xb.o(RESET)
</UL>
<P><STRONG><a name="[24]"></a>TIM1_TRG_COM_IRQHandler</STRONG> (Thumb, 0 bytes, Stack size 0 bytes, startup_stm32f103xb.o(.text))
<BR>[Address Reference Count : 1]<UL><LI> startup_stm32f103xb.o(RESET)
</UL>
<P><STRONG><a name="[23]"></a>TIM1_UP_IRQHandler</STRONG> (Thumb, 0 bytes, Stack size 0 bytes, startup_stm32f103xb.o(.text))
<BR>[Address Reference Count : 1]<UL><LI> startup_stm32f103xb.o(RESET)
</UL>
<P><STRONG><a name="[26]"></a>TIM2_IRQHandler</STRONG> (Thumb, 0 bytes, Stack size 0 bytes, startup_stm32f103xb.o(.text))
<BR>[Address Reference Count : 1]<UL><LI> startup_stm32f103xb.o(RESET)
</UL>
<P><STRONG><a name="[27]"></a>TIM3_IRQHandler</STRONG> (Thumb, 0 bytes, Stack size 0 bytes, startup_stm32f103xb.o(.text))
<BR>[Address Reference Count : 1]<UL><LI> startup_stm32f103xb.o(RESET)
</UL>
<P><STRONG><a name="[28]"></a>TIM4_IRQHandler</STRONG> (Thumb, 0 bytes, Stack size 0 bytes, startup_stm32f103xb.o(.text))
<BR>[Address Reference Count : 1]<UL><LI> startup_stm32f103xb.o(RESET)
</UL>
<P><STRONG><a name="[34]"></a>USBWakeUp_IRQHandler</STRONG> (Thumb, 0 bytes, Stack size 0 bytes, startup_stm32f103xb.o(.text))
<BR>[Address Reference Count : 1]<UL><LI> startup_stm32f103xb.o(RESET)
</UL>
<P><STRONG><a name="[1d]"></a>USB_HP_CAN1_TX_IRQHandler</STRONG> (Thumb, 0 bytes, Stack size 0 bytes, startup_stm32f103xb.o(.text))
<BR>[Address Reference Count : 1]<UL><LI> startup_stm32f103xb.o(RESET)
</UL>
<P><STRONG><a name="[1e]"></a>USB_LP_CAN1_RX0_IRQHandler</STRONG> (Thumb, 0 bytes, Stack size 0 bytes, startup_stm32f103xb.o(.text))
<BR>[Address Reference Count : 1]<UL><LI> startup_stm32f103xb.o(RESET)
</UL>
<P><STRONG><a name="[a]"></a>WWDG_IRQHandler</STRONG> (Thumb, 0 bytes, Stack size 0 bytes, startup_stm32f103xb.o(.text))
<BR>[Address Reference Count : 1]<UL><LI> startup_stm32f103xb.o(RESET)
</UL>
<P><STRONG><a name="[94]"></a>lldiv</STRONG> (Thumb, 24 bytes, Stack size 16 bytes, lldiv.o(.text))
<BR><BR>[Stack]<UL><LI>Max Depth = 80<LI>Call Chain = lldiv &rArr; __aeabi_ldivmod &rArr; __aeabi_uldivmod
</UL>
<BR>[Calls]<UL><LI><a href="#[95]">&gt;&gt;</a>&nbsp;&nbsp;&nbsp;__aeabi_ldivmod
</UL>
<BR>[Called By]<UL><LI><a href="#[c0]">&gt;&gt;</a>&nbsp;&nbsp;&nbsp;DateTime_ToString
</UL>

<P><STRONG><a name="[fd]"></a>strlen</STRONG> (Thumb, 14 bytes, Stack size 0 bytes, strlen.o(.text))
<BR><BR>[Called By]<UL><LI><a href="#[4b]">&gt;&gt;</a>&nbsp;&nbsp;&nbsp;T_RWSysTime
<LI><a href="#[fc]">&gt;&gt;</a>&nbsp;&nbsp;&nbsp;T_CHeckElementInfo
</UL>

<P><STRONG><a name="[f1]"></a>memcmp</STRONG> (Thumb, 26 bytes, Stack size 12 bytes, memcmp.o(.text))
<BR><BR>[Stack]<UL><LI>Max Depth = 12<LI>Call Chain = memcmp
</UL>
<BR>[Called By]<UL><LI><a href="#[4f]">&gt;&gt;</a>&nbsp;&nbsp;&nbsp;T_FlashTestProcess
<LI><a href="#[f0]">&gt;&gt;</a>&nbsp;&nbsp;&nbsp;Storage_CHeck
</UL>

<P><STRONG><a name="[fe]"></a>strncmp</STRONG> (Thumb, 30 bytes, Stack size 12 bytes, strncmp.o(.text))
<BR><BR>[Stack]<UL><LI>Max Depth = 12<LI>Call Chain = strncmp
</UL>
<BR>[Called By]<UL><LI><a href="#[fc]">&gt;&gt;</a>&nbsp;&nbsp;&nbsp;T_CHeckElementInfo
</UL>

<P><STRONG><a name="[96]"></a>calloc</STRONG> (Thumb, 28 bytes, Stack size 8 bytes, calloc.o(.text))
<BR><BR>[Stack]<UL><LI>Max Depth = 28<LI>Call Chain = calloc &rArr; malloc
</UL>
<BR>[Calls]<UL><LI><a href="#[97]">&gt;&gt;</a>&nbsp;&nbsp;&nbsp;malloc
</UL>
<BR>[Called By]<UL><LI><a href="#[52]">&gt;&gt;</a>&nbsp;&nbsp;&nbsp;T_I2CProcess_Master
<LI><a href="#[50]">&gt;&gt;</a>&nbsp;&nbsp;&nbsp;T_UartProcess
<LI><a href="#[57]">&gt;&gt;</a>&nbsp;&nbsp;&nbsp;FrameQueue_Create
<LI><a href="#[ff]">&gt;&gt;</a>&nbsp;&nbsp;&nbsp;T_Enter
</UL>

<P><STRONG><a name="[98]"></a>__0sscanf</STRONG> (Thumb, 48 bytes, Stack size 72 bytes, __0sscanf.o(.text))
<BR><BR>[Stack]<UL><LI>Max Depth = 264<LI>Call Chain = __0sscanf &rArr; __vfscanf_char &rArr; __vfscanf &rArr; _scanf_real
</UL>
<BR>[Calls]<UL><LI><a href="#[99]">&gt;&gt;</a>&nbsp;&nbsp;&nbsp;__vfscanf_char
</UL>
<BR>[Called By]<UL><LI><a href="#[4b]">&gt;&gt;</a>&nbsp;&nbsp;&nbsp;T_RWSysTime
</UL>

<P><STRONG><a name="[9a]"></a>_scanf_longlong</STRONG> (Thumb, 342 bytes, Stack size 56 bytes, _scanf_longlong.o(.text))
<BR><BR>[Stack]<UL><LI>Max Depth = 56<LI>Call Chain = _scanf_longlong
</UL>
<BR>[Calls]<UL><LI><a href="#[9b]">&gt;&gt;</a>&nbsp;&nbsp;&nbsp;_chval
</UL>
<BR>[Called By]<UL><LI><a href="#[a7]">&gt;&gt;</a>&nbsp;&nbsp;&nbsp;__vfscanf
</UL>

<P><STRONG><a name="[9c]"></a>_scanf_int</STRONG> (Thumb, 332 bytes, Stack size 56 bytes, _scanf_int.o(.text))
<BR><BR>[Stack]<UL><LI>Max Depth = 56<LI>Call Chain = _scanf_int
</UL>
<BR>[Calls]<UL><LI><a href="#[9b]">&gt;&gt;</a>&nbsp;&nbsp;&nbsp;_chval
</UL>
<BR>[Called By]<UL><LI><a href="#[a7]">&gt;&gt;</a>&nbsp;&nbsp;&nbsp;__vfscanf
</UL>

<P><STRONG><a name="[b3]"></a>_scanf_string</STRONG> (Thumb, 224 bytes, Stack size 56 bytes, _scanf_str.o(.text))
<BR><BR>[Stack]<UL><LI>Max Depth = 56<LI>Call Chain = _scanf_string
</UL>
<BR>[Called By]<UL><LI><a href="#[a7]">&gt;&gt;</a>&nbsp;&nbsp;&nbsp;__vfscanf
</UL>

<P><STRONG><a name="[b2]"></a>_scanf_real</STRONG> (Thumb, 0 bytes, Stack size 104 bytes, scanf_fp.o(.text))
<BR><BR>[Stack]<UL><LI>Max Depth = 104<LI>Call Chain = _scanf_real
</UL>
<BR>[Called By]<UL><LI><a href="#[a7]">&gt;&gt;</a>&nbsp;&nbsp;&nbsp;__vfscanf
</UL>

<P><STRONG><a name="[a1]"></a>_scanf_really_real</STRONG> (Thumb, 556 bytes, Stack size 104 bytes, scanf_fp.o(.text), UNUSED)
<BR><BR>[Calls]<UL><LI><a href="#[a3]">&gt;&gt;</a>&nbsp;&nbsp;&nbsp;__aeabi_d2f
<LI><a href="#[a2]">&gt;&gt;</a>&nbsp;&nbsp;&nbsp;_is_digit
<LI><a href="#[9d]">&gt;&gt;</a>&nbsp;&nbsp;&nbsp;_fp_value
</UL>

<P><STRONG><a name="[11c]"></a>__aeabi_uidiv</STRONG> (Thumb, 0 bytes, Stack size 12 bytes, uidiv.o(.text), UNUSED)

<P><STRONG><a name="[115]"></a>__aeabi_uidivmod</STRONG> (Thumb, 44 bytes, Stack size 12 bytes, uidiv.o(.text), UNUSED)
<BR><BR>[Called By]<UL><LI><a href="#[10f]">&gt;&gt;</a>&nbsp;&nbsp;&nbsp;_printf_core
</UL>

<P><STRONG><a name="[a4]"></a>__aeabi_uldivmod</STRONG> (Thumb, 98 bytes, Stack size 40 bytes, uldiv.o(.text))
<BR><BR>[Stack]<UL><LI>Max Depth = 40<LI>Call Chain = __aeabi_uldivmod
</UL>
<BR>[Calls]<UL><LI><a href="#[a5]">&gt;&gt;</a>&nbsp;&nbsp;&nbsp;__aeabi_llsr
<LI><a href="#[a6]">&gt;&gt;</a>&nbsp;&nbsp;&nbsp;__aeabi_llsl
</UL>
<BR>[Called By]<UL><LI><a href="#[10f]">&gt;&gt;</a>&nbsp;&nbsp;&nbsp;_printf_core
<LI><a href="#[111]">&gt;&gt;</a>&nbsp;&nbsp;&nbsp;_fp_digits
<LI><a href="#[95]">&gt;&gt;</a>&nbsp;&nbsp;&nbsp;__aeabi_ldivmod
</UL>

<P><STRONG><a name="[95]"></a>__aeabi_ldivmod</STRONG> (Thumb, 98 bytes, Stack size 24 bytes, ldiv.o(.text))
<BR><BR>[Stack]<UL><LI>Max Depth = 64<LI>Call Chain = __aeabi_ldivmod &rArr; __aeabi_uldivmod
</UL>
<BR>[Calls]<UL><LI><a href="#[a4]">&gt;&gt;</a>&nbsp;&nbsp;&nbsp;__aeabi_uldivmod
</UL>
<BR>[Called By]<UL><LI><a href="#[94]">&gt;&gt;</a>&nbsp;&nbsp;&nbsp;lldiv
<LI><a href="#[ff]">&gt;&gt;</a>&nbsp;&nbsp;&nbsp;T_Enter
</UL>

<P><STRONG><a name="[c4]"></a>__aeabi_memcpy</STRONG> (Thumb, 36 bytes, Stack size 0 bytes, memcpya.o(.text))
<BR><BR>[Called By]<UL><LI><a href="#[4b]">&gt;&gt;</a>&nbsp;&nbsp;&nbsp;T_RWSysTime
<LI><a href="#[7d]">&gt;&gt;</a>&nbsp;&nbsp;&nbsp;UH_Flash_Read
<LI><a href="#[f5]">&gt;&gt;</a>&nbsp;&nbsp;&nbsp;Storage_Write
<LI><a href="#[59]">&gt;&gt;</a>&nbsp;&nbsp;&nbsp;FrameQueue_Enqueue
<LI><a href="#[5a]">&gt;&gt;</a>&nbsp;&nbsp;&nbsp;FrameQueue_Dequeue
<LI><a href="#[ff]">&gt;&gt;</a>&nbsp;&nbsp;&nbsp;T_Enter
</UL>

<P><STRONG><a name="[11d]"></a>__aeabi_memcpy4</STRONG> (Thumb, 0 bytes, Stack size 0 bytes, memcpya.o(.text), UNUSED)

<P><STRONG><a name="[11e]"></a>__aeabi_memcpy8</STRONG> (Thumb, 0 bytes, Stack size 0 bytes, memcpya.o(.text), UNUSED)

<P><STRONG><a name="[9b]"></a>_chval</STRONG> (Thumb, 28 bytes, Stack size 0 bytes, _chval.o(.text))
<BR><BR>[Called By]<UL><LI><a href="#[9c]">&gt;&gt;</a>&nbsp;&nbsp;&nbsp;_scanf_int
<LI><a href="#[9a]">&gt;&gt;</a>&nbsp;&nbsp;&nbsp;_scanf_longlong
</UL>

<P><STRONG><a name="[99]"></a>__vfscanf_char</STRONG> (Thumb, 20 bytes, Stack size 0 bytes, scanf_char.o(.text))
<BR><BR>[Stack]<UL><LI>Max Depth = 192<LI>Call Chain = __vfscanf_char &rArr; __vfscanf &rArr; _scanf_real
</UL>
<BR>[Calls]<UL><LI><a href="#[a7]">&gt;&gt;</a>&nbsp;&nbsp;&nbsp;__vfscanf
</UL>
<BR>[Called By]<UL><LI><a href="#[98]">&gt;&gt;</a>&nbsp;&nbsp;&nbsp;__0sscanf
</UL>

<P><STRONG><a name="[38]"></a>_sgetc</STRONG> (Thumb, 30 bytes, Stack size 0 bytes, _sgetc.o(.text))
<BR>[Address Reference Count : 1]<UL><LI> __0sscanf.o(.text)
</UL>
<P><STRONG><a name="[39]"></a>_sbackspace</STRONG> (Thumb, 34 bytes, Stack size 0 bytes, _sgetc.o(.text))
<BR>[Address Reference Count : 1]<UL><LI> __0sscanf.o(.text)
</UL>
<P><STRONG><a name="[11f]"></a>__I$use$fp</STRONG> (Thumb, 0 bytes, Stack size 48 bytes, iusefp.o(.text), UNUSED)

<P><STRONG><a name="[a8]"></a>__aeabi_dadd</STRONG> (Thumb, 322 bytes, Stack size 48 bytes, dadd.o(.text), UNUSED)
<BR><BR>[Calls]<UL><LI><a href="#[a9]">&gt;&gt;</a>&nbsp;&nbsp;&nbsp;__aeabi_lasr
<LI><a href="#[a6]">&gt;&gt;</a>&nbsp;&nbsp;&nbsp;__aeabi_llsl
<LI><a href="#[ab]">&gt;&gt;</a>&nbsp;&nbsp;&nbsp;_double_round
<LI><a href="#[aa]">&gt;&gt;</a>&nbsp;&nbsp;&nbsp;_double_epilogue
</UL>
<BR>[Called By]<UL><LI><a href="#[111]">&gt;&gt;</a>&nbsp;&nbsp;&nbsp;_fp_digits
<LI><a href="#[ad]">&gt;&gt;</a>&nbsp;&nbsp;&nbsp;__aeabi_drsub
<LI><a href="#[ac]">&gt;&gt;</a>&nbsp;&nbsp;&nbsp;__aeabi_dsub
</UL>

<P><STRONG><a name="[ac]"></a>__aeabi_dsub</STRONG> (Thumb, 6 bytes, Stack size 0 bytes, dadd.o(.text), UNUSED)
<BR><BR>[Calls]<UL><LI><a href="#[a8]">&gt;&gt;</a>&nbsp;&nbsp;&nbsp;__aeabi_dadd
</UL>

<P><STRONG><a name="[ad]"></a>__aeabi_drsub</STRONG> (Thumb, 6 bytes, Stack size 0 bytes, dadd.o(.text), UNUSED)
<BR><BR>[Calls]<UL><LI><a href="#[a8]">&gt;&gt;</a>&nbsp;&nbsp;&nbsp;__aeabi_dadd
</UL>

<P><STRONG><a name="[9f]"></a>__aeabi_dmul</STRONG> (Thumb, 228 bytes, Stack size 48 bytes, dmul.o(.text), UNUSED)
<BR><BR>[Calls]<UL><LI><a href="#[aa]">&gt;&gt;</a>&nbsp;&nbsp;&nbsp;_double_epilogue
</UL>
<BR>[Called By]<UL><LI><a href="#[111]">&gt;&gt;</a>&nbsp;&nbsp;&nbsp;_fp_digits
<LI><a href="#[9d]">&gt;&gt;</a>&nbsp;&nbsp;&nbsp;_fp_value
</UL>

<P><STRONG><a name="[a0]"></a>__aeabi_ddiv</STRONG> (Thumb, 222 bytes, Stack size 32 bytes, ddiv.o(.text), UNUSED)
<BR><BR>[Calls]<UL><LI><a href="#[ab]">&gt;&gt;</a>&nbsp;&nbsp;&nbsp;_double_round
</UL>
<BR>[Called By]<UL><LI><a href="#[111]">&gt;&gt;</a>&nbsp;&nbsp;&nbsp;_fp_digits
<LI><a href="#[9d]">&gt;&gt;</a>&nbsp;&nbsp;&nbsp;_fp_value
</UL>

<P><STRONG><a name="[9e]"></a>__aeabi_ul2d</STRONG> (Thumb, 24 bytes, Stack size 16 bytes, dfltul.o(.text), UNUSED)
<BR><BR>[Calls]<UL><LI><a href="#[aa]">&gt;&gt;</a>&nbsp;&nbsp;&nbsp;_double_epilogue
</UL>
<BR>[Called By]<UL><LI><a href="#[9d]">&gt;&gt;</a>&nbsp;&nbsp;&nbsp;_fp_value
</UL>

<P><STRONG><a name="[ae]"></a>__aeabi_d2ulz</STRONG> (Thumb, 48 bytes, Stack size 0 bytes, dfixul.o(.text), UNUSED)
<BR><BR>[Calls]<UL><LI><a href="#[a5]">&gt;&gt;</a>&nbsp;&nbsp;&nbsp;__aeabi_llsr
<LI><a href="#[a6]">&gt;&gt;</a>&nbsp;&nbsp;&nbsp;__aeabi_llsl
</UL>
<BR>[Called By]<UL><LI><a href="#[111]">&gt;&gt;</a>&nbsp;&nbsp;&nbsp;_fp_digits
</UL>

<P><STRONG><a name="[112]"></a>__aeabi_cdrcmple</STRONG> (Thumb, 48 bytes, Stack size 0 bytes, cdrcmple.o(.text), UNUSED)
<BR><BR>[Called By]<UL><LI><a href="#[111]">&gt;&gt;</a>&nbsp;&nbsp;&nbsp;_fp_digits
</UL>

<P><STRONG><a name="[a3]"></a>__aeabi_d2f</STRONG> (Thumb, 56 bytes, Stack size 8 bytes, d2f.o(.text), UNUSED)
<BR><BR>[Calls]<UL><LI><a href="#[af]">&gt;&gt;</a>&nbsp;&nbsp;&nbsp;_float_round
</UL>
<BR>[Called By]<UL><LI><a href="#[a1]">&gt;&gt;</a>&nbsp;&nbsp;&nbsp;_scanf_really_real
</UL>

<P><STRONG><a name="[93]"></a>__scatterload</STRONG> (Thumb, 38 bytes, Stack size 0 bytes, init.o(.text))
<BR><BR>[Calls]<UL><LI><a href="#[b0]">&gt;&gt;</a>&nbsp;&nbsp;&nbsp;__main_after_scatterload
</UL>
<BR>[Called By]<UL><LI><a href="#[92]">&gt;&gt;</a>&nbsp;&nbsp;&nbsp;_main_scatterload
</UL>

<P><STRONG><a name="[120]"></a>__scatterload_rt2</STRONG> (Thumb, 0 bytes, Stack size 0 bytes, init.o(.text), UNUSED)

<P><STRONG><a name="[a6]"></a>__aeabi_llsl</STRONG> (Thumb, 30 bytes, Stack size 0 bytes, llshl.o(.text))
<BR><BR>[Called By]<UL><LI><a href="#[aa]">&gt;&gt;</a>&nbsp;&nbsp;&nbsp;_double_epilogue
<LI><a href="#[a4]">&gt;&gt;</a>&nbsp;&nbsp;&nbsp;__aeabi_uldivmod
<LI><a href="#[a8]">&gt;&gt;</a>&nbsp;&nbsp;&nbsp;__aeabi_dadd
<LI><a href="#[ae]">&gt;&gt;</a>&nbsp;&nbsp;&nbsp;__aeabi_d2ulz
</UL>

<P><STRONG><a name="[121]"></a>_ll_shift_l</STRONG> (Thumb, 0 bytes, Stack size 0 bytes, llshl.o(.text), UNUSED)

<P><STRONG><a name="[a5]"></a>__aeabi_llsr</STRONG> (Thumb, 32 bytes, Stack size 0 bytes, llushr.o(.text))
<BR><BR>[Called By]<UL><LI><a href="#[aa]">&gt;&gt;</a>&nbsp;&nbsp;&nbsp;_double_epilogue
<LI><a href="#[a4]">&gt;&gt;</a>&nbsp;&nbsp;&nbsp;__aeabi_uldivmod
<LI><a href="#[ae]">&gt;&gt;</a>&nbsp;&nbsp;&nbsp;__aeabi_d2ulz
</UL>

<P><STRONG><a name="[122]"></a>_ll_ushift_r</STRONG> (Thumb, 0 bytes, Stack size 0 bytes, llushr.o(.text), UNUSED)

<P><STRONG><a name="[a9]"></a>__aeabi_lasr</STRONG> (Thumb, 36 bytes, Stack size 0 bytes, llsshr.o(.text), UNUSED)
<BR><BR>[Called By]<UL><LI><a href="#[a8]">&gt;&gt;</a>&nbsp;&nbsp;&nbsp;__aeabi_dadd
</UL>

<P><STRONG><a name="[123]"></a>_ll_sshift_r</STRONG> (Thumb, 0 bytes, Stack size 0 bytes, llsshr.o(.text), UNUSED)

<P><STRONG><a name="[3b]"></a>isspace</STRONG> (Thumb, 10 bytes, Stack size 0 bytes, isspace_c.o(.text))
<BR><BR>[Calls]<UL><LI><a href="#[b1]">&gt;&gt;</a>&nbsp;&nbsp;&nbsp;__ctype_lookup
</UL>
<BR>[Address Reference Count : 1]<UL><LI> scanf_char.o(.text)
</UL>
<P><STRONG><a name="[a7]"></a>__vfscanf</STRONG> (Thumb, 808 bytes, Stack size 88 bytes, _scanf.o(.text))
<BR><BR>[Stack]<UL><LI>Max Depth = 192<LI>Call Chain = __vfscanf &rArr; _scanf_real
</UL>
<BR>[Calls]<UL><LI><a href="#[b2]">&gt;&gt;</a>&nbsp;&nbsp;&nbsp;_scanf_real
<LI><a href="#[b3]">&gt;&gt;</a>&nbsp;&nbsp;&nbsp;_scanf_string
<LI><a href="#[9c]">&gt;&gt;</a>&nbsp;&nbsp;&nbsp;_scanf_int
<LI><a href="#[9a]">&gt;&gt;</a>&nbsp;&nbsp;&nbsp;_scanf_longlong
</UL>
<BR>[Called By]<UL><LI><a href="#[99]">&gt;&gt;</a>&nbsp;&nbsp;&nbsp;__vfscanf_char
</UL>

<P><STRONG><a name="[af]"></a>_float_round</STRONG> (Thumb, 18 bytes, Stack size 0 bytes, fepilogue.o(.text), UNUSED)
<BR><BR>[Called By]<UL><LI><a href="#[a3]">&gt;&gt;</a>&nbsp;&nbsp;&nbsp;__aeabi_d2f
</UL>

<P><STRONG><a name="[124]"></a>_float_epilogue</STRONG> (Thumb, 92 bytes, Stack size 4 bytes, fepilogue.o(.text), UNUSED)

<P><STRONG><a name="[ab]"></a>_double_round</STRONG> (Thumb, 30 bytes, Stack size 8 bytes, depilogue.o(.text), UNUSED)
<BR><BR>[Called By]<UL><LI><a href="#[aa]">&gt;&gt;</a>&nbsp;&nbsp;&nbsp;_double_epilogue
<LI><a href="#[a0]">&gt;&gt;</a>&nbsp;&nbsp;&nbsp;__aeabi_ddiv
<LI><a href="#[a8]">&gt;&gt;</a>&nbsp;&nbsp;&nbsp;__aeabi_dadd
</UL>

<P><STRONG><a name="[aa]"></a>_double_epilogue</STRONG> (Thumb, 156 bytes, Stack size 32 bytes, depilogue.o(.text), UNUSED)
<BR><BR>[Calls]<UL><LI><a href="#[a5]">&gt;&gt;</a>&nbsp;&nbsp;&nbsp;__aeabi_llsr
<LI><a href="#[a6]">&gt;&gt;</a>&nbsp;&nbsp;&nbsp;__aeabi_llsl
<LI><a href="#[ab]">&gt;&gt;</a>&nbsp;&nbsp;&nbsp;_double_round
</UL>
<BR>[Called By]<UL><LI><a href="#[9e]">&gt;&gt;</a>&nbsp;&nbsp;&nbsp;__aeabi_ul2d
<LI><a href="#[9f]">&gt;&gt;</a>&nbsp;&nbsp;&nbsp;__aeabi_dmul
<LI><a href="#[a8]">&gt;&gt;</a>&nbsp;&nbsp;&nbsp;__aeabi_dadd
</UL>

<P><STRONG><a name="[b1]"></a>__ctype_lookup</STRONG> (Thumb, 34 bytes, Stack size 0 bytes, ctype_c.o(.text))
<BR><BR>[Called By]<UL><LI><a href="#[3b]">&gt;&gt;</a>&nbsp;&nbsp;&nbsp;isspace
</UL>

<P><STRONG><a name="[b5]"></a>__aeabi_memset</STRONG> (Thumb, 14 bytes, Stack size 0 bytes, memseta.o(.text), UNUSED)
<BR><BR>[Called By]<UL><LI><a href="#[b6]">&gt;&gt;</a>&nbsp;&nbsp;&nbsp;_memset$wrapper
<LI><a href="#[b4]">&gt;&gt;</a>&nbsp;&nbsp;&nbsp;__aeabi_memclr
</UL>

<P><STRONG><a name="[125]"></a>__aeabi_memset4</STRONG> (Thumb, 0 bytes, Stack size 0 bytes, memseta.o(.text), UNUSED)

<P><STRONG><a name="[126]"></a>__aeabi_memset8</STRONG> (Thumb, 0 bytes, Stack size 0 bytes, memseta.o(.text), UNUSED)

<P><STRONG><a name="[b4]"></a>__aeabi_memclr</STRONG> (Thumb, 4 bytes, Stack size 0 bytes, memseta.o(.text), UNUSED)
<BR><BR>[Calls]<UL><LI><a href="#[b5]">&gt;&gt;</a>&nbsp;&nbsp;&nbsp;__aeabi_memset
</UL>

<P><STRONG><a name="[100]"></a>__aeabi_memclr4</STRONG> (Thumb, 0 bytes, Stack size 0 bytes, memseta.o(.text))
<BR><BR>[Called By]<UL><LI><a href="#[4b]">&gt;&gt;</a>&nbsp;&nbsp;&nbsp;T_RWSysTime
<LI><a href="#[4c]">&gt;&gt;</a>&nbsp;&nbsp;&nbsp;Thread_Service
<LI><a href="#[ff]">&gt;&gt;</a>&nbsp;&nbsp;&nbsp;T_Enter
</UL>

<P><STRONG><a name="[127]"></a>__aeabi_memclr8</STRONG> (Thumb, 0 bytes, Stack size 0 bytes, memseta.o(.text), UNUSED)

<P><STRONG><a name="[b6]"></a>_memset$wrapper</STRONG> (Thumb, 18 bytes, Stack size 8 bytes, memseta.o(.text), UNUSED)
<BR><BR>[Calls]<UL><LI><a href="#[b5]">&gt;&gt;</a>&nbsp;&nbsp;&nbsp;__aeabi_memset
</UL>

<P><STRONG><a name="[16]"></a>DMA1_Channel2_IRQHandler</STRONG> (Thumb, 6 bytes, Stack size 0 bytes, lto-llvm-abfbe1.o(.text.DMA1_Channel2_IRQHandler))
<BR><BR>[Stack]<UL><LI>Max Depth = 8<LI>Call Chain = DMA1_Channel2_IRQHandler &rArr; UH_DMA_OnEvent
</UL>
<BR>[Calls]<UL><LI><a href="#[bd]">&gt;&gt;</a>&nbsp;&nbsp;&nbsp;UH_DMA_OnEvent
</UL>
<BR>[Address Reference Count : 1]<UL><LI> startup_stm32f103xb.o(RESET)
</UL>
<P><STRONG><a name="[17]"></a>DMA1_Channel3_IRQHandler</STRONG> (Thumb, 6 bytes, Stack size 0 bytes, lto-llvm-abfbe1.o(.text.DMA1_Channel3_IRQHandler))
<BR><BR>[Stack]<UL><LI>Max Depth = 8<LI>Call Chain = DMA1_Channel3_IRQHandler &rArr; UH_DMA_OnEvent
</UL>
<BR>[Calls]<UL><LI><a href="#[bd]">&gt;&gt;</a>&nbsp;&nbsp;&nbsp;UH_DMA_OnEvent
</UL>
<BR>[Address Reference Count : 1]<UL><LI> startup_stm32f103xb.o(RESET)
</UL>
<P><STRONG><a name="[18]"></a>DMA1_Channel4_IRQHandler</STRONG> (Thumb, 6 bytes, Stack size 0 bytes, lto-llvm-abfbe1.o(.text.DMA1_Channel4_IRQHandler))
<BR><BR>[Stack]<UL><LI>Max Depth = 8<LI>Call Chain = DMA1_Channel4_IRQHandler &rArr; UH_DMA_OnEvent
</UL>
<BR>[Calls]<UL><LI><a href="#[bd]">&gt;&gt;</a>&nbsp;&nbsp;&nbsp;UH_DMA_OnEvent
</UL>
<BR>[Address Reference Count : 1]<UL><LI> startup_stm32f103xb.o(RESET)
</UL>
<P><STRONG><a name="[19]"></a>DMA1_Channel5_IRQHandler</STRONG> (Thumb, 6 bytes, Stack size 0 bytes, lto-llvm-abfbe1.o(.text.DMA1_Channel5_IRQHandler))
<BR><BR>[Stack]<UL><LI>Max Depth = 8<LI>Call Chain = DMA1_Channel5_IRQHandler &rArr; UH_DMA_OnEvent
</UL>
<BR>[Calls]<UL><LI><a href="#[bd]">&gt;&gt;</a>&nbsp;&nbsp;&nbsp;UH_DMA_OnEvent
</UL>
<BR>[Address Reference Count : 1]<UL><LI> startup_stm32f103xb.o(RESET)
</UL>
<P><STRONG><a name="[1a]"></a>DMA1_Channel6_IRQHandler</STRONG> (Thumb, 6 bytes, Stack size 0 bytes, lto-llvm-abfbe1.o(.text.DMA1_Channel6_IRQHandler))
<BR><BR>[Stack]<UL><LI>Max Depth = 8<LI>Call Chain = DMA1_Channel6_IRQHandler &rArr; UH_DMA_OnEvent
</UL>
<BR>[Calls]<UL><LI><a href="#[bd]">&gt;&gt;</a>&nbsp;&nbsp;&nbsp;UH_DMA_OnEvent
</UL>
<BR>[Address Reference Count : 1]<UL><LI> startup_stm32f103xb.o(RESET)
</UL>
<P><STRONG><a name="[1b]"></a>DMA1_Channel7_IRQHandler</STRONG> (Thumb, 6 bytes, Stack size 0 bytes, lto-llvm-abfbe1.o(.text.DMA1_Channel7_IRQHandler))
<BR><BR>[Stack]<UL><LI>Max Depth = 8<LI>Call Chain = DMA1_Channel7_IRQHandler &rArr; UH_DMA_OnEvent
</UL>
<BR>[Calls]<UL><LI><a href="#[bd]">&gt;&gt;</a>&nbsp;&nbsp;&nbsp;UH_DMA_OnEvent
</UL>
<BR>[Address Reference Count : 1]<UL><LI> startup_stm32f103xb.o(RESET)
</UL>
<P><STRONG><a name="[7]"></a>DebugMon_Handler</STRONG> (Thumb, 2 bytes, Stack size 0 bytes, lto-llvm-abfbe1.o(.text.DebugMon_Handler))
<BR>[Address Reference Count : 1]<UL><LI> startup_stm32f103xb.o(RESET)
</UL>
<P><STRONG><a name="[10]"></a>EXTI0_IRQHandler</STRONG> (Thumb, 20 bytes, Stack size 0 bytes, lto-llvm-abfbe1.o(.text.EXTI0_IRQHandler))
<BR><BR>[Calls]<UL><LI><a href="#[c2]">&gt;&gt;</a>&nbsp;&nbsp;&nbsp;UH_GPIO_ExITHandler
</UL>
<BR>[Address Reference Count : 1]<UL><LI> startup_stm32f103xb.o(RESET)
</UL>
<P><STRONG><a name="[32]"></a>EXTI15_10_IRQHandler</STRONG> (Thumb, 44 bytes, Stack size 16 bytes, lto-llvm-abfbe1.o(.text.EXTI15_10_IRQHandler))
<BR><BR>[Stack]<UL><LI>Max Depth = 16<LI>Call Chain = EXTI15_10_IRQHandler
</UL>
<BR>[Calls]<UL><LI><a href="#[c2]">&gt;&gt;</a>&nbsp;&nbsp;&nbsp;UH_GPIO_ExITHandler
</UL>
<BR>[Address Reference Count : 1]<UL><LI> startup_stm32f103xb.o(RESET)
</UL>
<P><STRONG><a name="[11]"></a>EXTI1_IRQHandler</STRONG> (Thumb, 20 bytes, Stack size 0 bytes, lto-llvm-abfbe1.o(.text.EXTI1_IRQHandler))
<BR><BR>[Calls]<UL><LI><a href="#[c2]">&gt;&gt;</a>&nbsp;&nbsp;&nbsp;UH_GPIO_ExITHandler
</UL>
<BR>[Address Reference Count : 1]<UL><LI> startup_stm32f103xb.o(RESET)
</UL>
<P><STRONG><a name="[12]"></a>EXTI2_IRQHandler</STRONG> (Thumb, 20 bytes, Stack size 0 bytes, lto-llvm-abfbe1.o(.text.EXTI2_IRQHandler))
<BR><BR>[Calls]<UL><LI><a href="#[c2]">&gt;&gt;</a>&nbsp;&nbsp;&nbsp;UH_GPIO_ExITHandler
</UL>
<BR>[Address Reference Count : 1]<UL><LI> startup_stm32f103xb.o(RESET)
</UL>
<P><STRONG><a name="[13]"></a>EXTI3_IRQHandler</STRONG> (Thumb, 20 bytes, Stack size 0 bytes, lto-llvm-abfbe1.o(.text.EXTI3_IRQHandler))
<BR><BR>[Calls]<UL><LI><a href="#[c2]">&gt;&gt;</a>&nbsp;&nbsp;&nbsp;UH_GPIO_ExITHandler
</UL>
<BR>[Address Reference Count : 1]<UL><LI> startup_stm32f103xb.o(RESET)
</UL>
<P><STRONG><a name="[14]"></a>EXTI4_IRQHandler</STRONG> (Thumb, 20 bytes, Stack size 0 bytes, lto-llvm-abfbe1.o(.text.EXTI4_IRQHandler))
<BR><BR>[Calls]<UL><LI><a href="#[c2]">&gt;&gt;</a>&nbsp;&nbsp;&nbsp;UH_GPIO_ExITHandler
</UL>
<BR>[Address Reference Count : 1]<UL><LI> startup_stm32f103xb.o(RESET)
</UL>
<P><STRONG><a name="[21]"></a>EXTI9_5_IRQHandler</STRONG> (Thumb, 44 bytes, Stack size 16 bytes, lto-llvm-abfbe1.o(.text.EXTI9_5_IRQHandler))
<BR><BR>[Stack]<UL><LI>Max Depth = 16<LI>Call Chain = EXTI9_5_IRQHandler
</UL>
<BR>[Calls]<UL><LI><a href="#[c2]">&gt;&gt;</a>&nbsp;&nbsp;&nbsp;UH_GPIO_ExITHandler
</UL>
<BR>[Address Reference Count : 1]<UL><LI> startup_stm32f103xb.o(RESET)
</UL>
<P><STRONG><a name="[2a]"></a>I2C1_ER_IRQHandler</STRONG> (Thumb, 6 bytes, Stack size 0 bytes, lto-llvm-abfbe1.o(.text.I2C1_ER_IRQHandler))
<BR><BR>[Stack]<UL><LI>Max Depth = 16<LI>Call Chain = I2C1_ER_IRQHandler &rArr; I2Cx_ER_IRQHandler
</UL>
<BR>[Calls]<UL><LI><a href="#[c8]">&gt;&gt;</a>&nbsp;&nbsp;&nbsp;I2Cx_ER_IRQHandler
</UL>
<BR>[Address Reference Count : 1]<UL><LI> startup_stm32f103xb.o(RESET)
</UL>
<P><STRONG><a name="[29]"></a>I2C1_EV_IRQHandler</STRONG> (Thumb, 6 bytes, Stack size 0 bytes, lto-llvm-abfbe1.o(.text.I2C1_EV_IRQHandler))
<BR><BR>[Stack]<UL><LI>Max Depth = 148<LI>Call Chain = I2C1_EV_IRQHandler &rArr; I2Cx_EV_IRQHandler &rArr; UHC_COM_PacketSended &rArr; FrameQueue_Dequeue &rArr; FrameQueue_AskDeQueue_Inner
</UL>
<BR>[Calls]<UL><LI><a href="#[c9]">&gt;&gt;</a>&nbsp;&nbsp;&nbsp;I2Cx_EV_IRQHandler
</UL>
<BR>[Address Reference Count : 1]<UL><LI> startup_stm32f103xb.o(RESET)
</UL>
<P><STRONG><a name="[2c]"></a>I2C2_ER_IRQHandler</STRONG> (Thumb, 6 bytes, Stack size 0 bytes, lto-llvm-abfbe1.o(.text.I2C2_ER_IRQHandler))
<BR><BR>[Stack]<UL><LI>Max Depth = 16<LI>Call Chain = I2C2_ER_IRQHandler &rArr; I2Cx_ER_IRQHandler
</UL>
<BR>[Calls]<UL><LI><a href="#[c8]">&gt;&gt;</a>&nbsp;&nbsp;&nbsp;I2Cx_ER_IRQHandler
</UL>
<BR>[Address Reference Count : 1]<UL><LI> startup_stm32f103xb.o(RESET)
</UL>
<P><STRONG><a name="[2b]"></a>I2C2_EV_IRQHandler</STRONG> (Thumb, 6 bytes, Stack size 0 bytes, lto-llvm-abfbe1.o(.text.I2C2_EV_IRQHandler))
<BR><BR>[Stack]<UL><LI>Max Depth = 148<LI>Call Chain = I2C2_EV_IRQHandler &rArr; I2Cx_EV_IRQHandler &rArr; UHC_COM_PacketSended &rArr; FrameQueue_Dequeue &rArr; FrameQueue_AskDeQueue_Inner
</UL>
<BR>[Calls]<UL><LI><a href="#[c9]">&gt;&gt;</a>&nbsp;&nbsp;&nbsp;I2Cx_EV_IRQHandler
</UL>
<BR>[Address Reference Count : 1]<UL><LI> startup_stm32f103xb.o(RESET)
</UL>
<P><STRONG><a name="[1]"></a>NMI_Handler</STRONG> (Thumb, 2 bytes, Stack size 0 bytes, lto-llvm-abfbe1.o(.text.NMI_Handler))
<BR><BR>[Calls]<UL><LI><a href="#[1]">&gt;&gt;</a>&nbsp;&nbsp;&nbsp;NMI_Handler
</UL>
<BR>[Called By]<UL><LI><a href="#[1]">&gt;&gt;</a>&nbsp;&nbsp;&nbsp;NMI_Handler
</UL>
<BR>[Address Reference Count : 1]<UL><LI> startup_stm32f103xb.o(RESET)
</UL>
<P><STRONG><a name="[8]"></a>PendSV_Handler</STRONG> (Thumb, 2 bytes, Stack size 0 bytes, lto-llvm-abfbe1.o(.text.PendSV_Handler))
<BR>[Address Reference Count : 1]<UL><LI> startup_stm32f103xb.o(RESET)
</UL>
<P><STRONG><a name="[6]"></a>SVC_Handler</STRONG> (Thumb, 2 bytes, Stack size 0 bytes, lto-llvm-abfbe1.o(.text.SVC_Handler))
<BR>[Address Reference Count : 1]<UL><LI> startup_stm32f103xb.o(RESET)
</UL>
<P><STRONG><a name="[9]"></a>SysTick_Handler</STRONG> (Thumb, 20 bytes, Stack size 0 bytes, lto-llvm-abfbe1.o(.text.SysTick_Handler))
<BR>[Address Reference Count : 1]<UL><LI> startup_stm32f103xb.o(RESET)
</UL>
<P><STRONG><a name="[36]"></a>SystemInit</STRONG> (Thumb, 2 bytes, Stack size 0 bytes, lto-llvm-abfbe1.o(.text.SystemInit))
<BR>[Address Reference Count : 1]<UL><LI> startup_stm32f103xb.o(.text)
</UL>
<P><STRONG><a name="[2f]"></a>USART1_IRQHandler</STRONG> (Thumb, 6 bytes, Stack size 0 bytes, lto-llvm-abfbe1.o(.text.USART1_IRQHandler))
<BR><BR>[Stack]<UL><LI>Max Depth = 140<LI>Call Chain = USART1_IRQHandler &rArr; Uart_IRQHandler &rArr; UHC_UART_DataReceived &rArr; UART_BeginRx &rArr; OUTLINED_FUNCTION_5 &rArr; FrameQueue_Dequeue &rArr; FrameQueue_AskDeQueue_Inner
</UL>
<BR>[Calls]<UL><LI><a href="#[10c]">&gt;&gt;</a>&nbsp;&nbsp;&nbsp;Uart_IRQHandler
</UL>
<BR>[Address Reference Count : 1]<UL><LI> startup_stm32f103xb.o(RESET)
</UL>
<P><STRONG><a name="[30]"></a>USART2_IRQHandler</STRONG> (Thumb, 6 bytes, Stack size 0 bytes, lto-llvm-abfbe1.o(.text.USART2_IRQHandler))
<BR><BR>[Stack]<UL><LI>Max Depth = 140<LI>Call Chain = USART2_IRQHandler &rArr; Uart_IRQHandler &rArr; UHC_UART_DataReceived &rArr; UART_BeginRx &rArr; OUTLINED_FUNCTION_5 &rArr; FrameQueue_Dequeue &rArr; FrameQueue_AskDeQueue_Inner
</UL>
<BR>[Calls]<UL><LI><a href="#[10c]">&gt;&gt;</a>&nbsp;&nbsp;&nbsp;Uart_IRQHandler
</UL>
<BR>[Address Reference Count : 1]<UL><LI> startup_stm32f103xb.o(RESET)
</UL>
<P><STRONG><a name="[31]"></a>USART3_IRQHandler</STRONG> (Thumb, 6 bytes, Stack size 0 bytes, lto-llvm-abfbe1.o(.text.USART3_IRQHandler))
<BR><BR>[Stack]<UL><LI>Max Depth = 140<LI>Call Chain = USART3_IRQHandler &rArr; Uart_IRQHandler &rArr; UHC_UART_DataReceived &rArr; UART_BeginRx &rArr; OUTLINED_FUNCTION_5 &rArr; FrameQueue_Dequeue &rArr; FrameQueue_AskDeQueue_Inner
</UL>
<BR>[Calls]<UL><LI><a href="#[10c]">&gt;&gt;</a>&nbsp;&nbsp;&nbsp;Uart_IRQHandler
</UL>
<BR>[Address Reference Count : 1]<UL><LI> startup_stm32f103xb.o(RESET)
</UL>
<P><STRONG><a name="[55]"></a>fputc</STRONG> (Thumb, 12 bytes, Stack size 0 bytes, lto-llvm-abfbe1.o(.text.fputc))
<BR><BR>[Called By]<UL><LI><a href="#[e3]">&gt;&gt;</a>&nbsp;&nbsp;&nbsp;putchar
<LI><a href="#[101]">&gt;&gt;</a>&nbsp;&nbsp;&nbsp;puts
</UL>
<BR>[Address Reference Count : 1]<UL><LI> printfa.o(i.__0printf)
</UL>
<P><STRONG><a name="[35]"></a>main</STRONG> (Thumb, 22 bytes, Stack size 0 bytes, lto-llvm-abfbe1.o(.text.main))
<BR><BR>[Stack]<UL><LI>Max Depth = 692<LI>Call Chain = main &rArr; T_Enter &rArr; Storage_Write &rArr; Storage_CHeck &rArr; memcmp
</UL>
<BR>[Calls]<UL><LI><a href="#[ff]">&gt;&gt;</a>&nbsp;&nbsp;&nbsp;T_Enter
<LI><a href="#[45]">&gt;&gt;</a>&nbsp;&nbsp;&nbsp;MX_UART5_Init
<LI><a href="#[da]">&gt;&gt;</a>&nbsp;&nbsp;&nbsp;MX_DMA_Init
<LI><a href="#[dc]">&gt;&gt;</a>&nbsp;&nbsp;&nbsp;MX_GPIO_Init
<LI><a href="#[10d]">&gt;&gt;</a>&nbsp;&nbsp;&nbsp;SystemClock_Config
</UL>
<BR>[Address Reference Count : 1]<UL><LI> entry9a.o(.ARM.Collect$$$$0000000B)
</UL>
<P><STRONG><a name="[10e]"></a>__0printf</STRONG> (Thumb, 22 bytes, Stack size 24 bytes, printfa.o(i.__0printf), UNUSED)
<BR><BR>[Calls]<UL><LI><a href="#[10f]">&gt;&gt;</a>&nbsp;&nbsp;&nbsp;_printf_core
</UL>

<P><STRONG><a name="[128]"></a>__1printf</STRONG> (Thumb, 0 bytes, Stack size 24 bytes, printfa.o(i.__0printf), UNUSED)

<P><STRONG><a name="[d2]"></a>__2printf</STRONG> (Thumb, 0 bytes, Stack size 24 bytes, printfa.o(i.__0printf))
<BR><BR>[Stack]<UL><LI>Max Depth = 24<LI>Call Chain = __2printf
</UL>
<BR>[Called By]<UL><LI><a href="#[53]">&gt;&gt;</a>&nbsp;&nbsp;&nbsp;T_SPIMSProcess_Master
<LI><a href="#[52]">&gt;&gt;</a>&nbsp;&nbsp;&nbsp;T_I2CProcess_Master
<LI><a href="#[51]">&gt;&gt;</a>&nbsp;&nbsp;&nbsp;T_PWMProcess
<LI><a href="#[50]">&gt;&gt;</a>&nbsp;&nbsp;&nbsp;T_UartProcess
<LI><a href="#[4d]">&gt;&gt;</a>&nbsp;&nbsp;&nbsp;T_Process
<LI><a href="#[72]">&gt;&gt;</a>&nbsp;&nbsp;&nbsp;I2C_Write
<LI><a href="#[f5]">&gt;&gt;</a>&nbsp;&nbsp;&nbsp;Storage_Write
<LI><a href="#[65]">&gt;&gt;</a>&nbsp;&nbsp;&nbsp;SerialPort_Write
<LI><a href="#[d3]">&gt;&gt;</a>&nbsp;&nbsp;&nbsp;UHC_COM_PacketSended
<LI><a href="#[ff]">&gt;&gt;</a>&nbsp;&nbsp;&nbsp;T_Enter
</UL>

<P><STRONG><a name="[129]"></a>__c89printf</STRONG> (Thumb, 0 bytes, Stack size 24 bytes, printfa.o(i.__0printf), UNUSED)

<P><STRONG><a name="[12a]"></a>printf</STRONG> (Thumb, 0 bytes, Stack size 24 bytes, printfa.o(i.__0printf), UNUSED)

<P><STRONG><a name="[110]"></a>__0sprintf</STRONG> (Thumb, 34 bytes, Stack size 24 bytes, printfa.o(i.__0sprintf), UNUSED)
<BR><BR>[Calls]<UL><LI><a href="#[56]">&gt;&gt;</a>&nbsp;&nbsp;&nbsp;_sputc
<LI><a href="#[10f]">&gt;&gt;</a>&nbsp;&nbsp;&nbsp;_printf_core
</UL>

<P><STRONG><a name="[12b]"></a>__1sprintf</STRONG> (Thumb, 0 bytes, Stack size 24 bytes, printfa.o(i.__0sprintf), UNUSED)

<P><STRONG><a name="[c1]"></a>__2sprintf</STRONG> (Thumb, 0 bytes, Stack size 24 bytes, printfa.o(i.__0sprintf))
<BR><BR>[Stack]<UL><LI>Max Depth = 24<LI>Call Chain = __2sprintf
</UL>
<BR>[Called By]<UL><LI><a href="#[c0]">&gt;&gt;</a>&nbsp;&nbsp;&nbsp;DateTime_ToString
</UL>

<P><STRONG><a name="[12c]"></a>__c89sprintf</STRONG> (Thumb, 0 bytes, Stack size 24 bytes, printfa.o(i.__0sprintf), UNUSED)

<P><STRONG><a name="[12d]"></a>sprintf</STRONG> (Thumb, 0 bytes, Stack size 24 bytes, printfa.o(i.__0sprintf), UNUSED)

<P><STRONG><a name="[12e]"></a>__scatterload_copy</STRONG> (Thumb, 14 bytes, Stack size unknown bytes, handlers.o(i.__scatterload_copy), UNUSED)

<P><STRONG><a name="[12f]"></a>__scatterload_null</STRONG> (Thumb, 2 bytes, Stack size unknown bytes, handlers.o(i.__scatterload_null), UNUSED)

<P><STRONG><a name="[130]"></a>__scatterload_zeroinit</STRONG> (Thumb, 14 bytes, Stack size unknown bytes, handlers.o(i.__scatterload_zeroinit), UNUSED)

<P><STRONG><a name="[a2]"></a>_is_digit</STRONG> (Thumb, 14 bytes, Stack size 0 bytes, scanf_fp.o(i._is_digit), UNUSED)
<BR><BR>[Called By]<UL><LI><a href="#[a1]">&gt;&gt;</a>&nbsp;&nbsp;&nbsp;_scanf_really_real
</UL>

<P><STRONG><a name="[c6]"></a>free</STRONG> (Thumb, 76 bytes, Stack size 8 bytes, malloc.o(i.free))
<BR><BR>[Stack]<UL><LI>Max Depth = 8<LI>Call Chain = free
</UL>
<BR>[Called By]<UL><LI><a href="#[58]">&gt;&gt;</a>&nbsp;&nbsp;&nbsp;FrameQueue_Dispose
</UL>

<P><STRONG><a name="[97]"></a>malloc</STRONG> (Thumb, 92 bytes, Stack size 20 bytes, malloc.o(i.malloc))
<BR><BR>[Stack]<UL><LI>Max Depth = 20<LI>Call Chain = malloc
</UL>
<BR>[Called By]<UL><LI><a href="#[ff]">&gt;&gt;</a>&nbsp;&nbsp;&nbsp;T_Enter
<LI><a href="#[96]">&gt;&gt;</a>&nbsp;&nbsp;&nbsp;calloc
</UL>

<P><STRONG><a name="[e3]"></a>putchar</STRONG> (Thumb, 6 bytes, Stack size 0 bytes, putchar.o(i.putchar))
<BR><BR>[Calls]<UL><LI><a href="#[55]">&gt;&gt;</a>&nbsp;&nbsp;&nbsp;fputc
</UL>
<BR>[Called By]<UL><LI><a href="#[e2]">&gt;&gt;</a>&nbsp;&nbsp;&nbsp;OUTLINED_FUNCTION_13
</UL>

<P><STRONG><a name="[101]"></a>puts</STRONG> (Thumb, 30 bytes, Stack size 8 bytes, puts.o(i.puts))
<BR><BR>[Stack]<UL><LI>Max Depth = 8<LI>Call Chain = puts
</UL>
<BR>[Calls]<UL><LI><a href="#[55]">&gt;&gt;</a>&nbsp;&nbsp;&nbsp;fputc
</UL>
<BR>[Called By]<UL><LI><a href="#[50]">&gt;&gt;</a>&nbsp;&nbsp;&nbsp;T_UartProcess
<LI><a href="#[4f]">&gt;&gt;</a>&nbsp;&nbsp;&nbsp;T_FlashTestProcess
<LI><a href="#[ff]">&gt;&gt;</a>&nbsp;&nbsp;&nbsp;T_Enter
</UL>
<P>
<H3>
Local Symbols
</H3>
<P><STRONG><a name="[111]"></a>_fp_digits</STRONG> (Thumb, 366 bytes, Stack size 64 bytes, printfa.o(i._fp_digits), UNUSED)
<BR><BR>[Calls]<UL><LI><a href="#[a4]">&gt;&gt;</a>&nbsp;&nbsp;&nbsp;__aeabi_uldivmod
<LI><a href="#[9f]">&gt;&gt;</a>&nbsp;&nbsp;&nbsp;__aeabi_dmul
<LI><a href="#[a0]">&gt;&gt;</a>&nbsp;&nbsp;&nbsp;__aeabi_ddiv
<LI><a href="#[a8]">&gt;&gt;</a>&nbsp;&nbsp;&nbsp;__aeabi_dadd
<LI><a href="#[ae]">&gt;&gt;</a>&nbsp;&nbsp;&nbsp;__aeabi_d2ulz
<LI><a href="#[112]">&gt;&gt;</a>&nbsp;&nbsp;&nbsp;__aeabi_cdrcmple
</UL>
<BR>[Called By]<UL><LI><a href="#[10f]">&gt;&gt;</a>&nbsp;&nbsp;&nbsp;_printf_core
</UL>

<P><STRONG><a name="[10f]"></a>_printf_core</STRONG> (Thumb, 1744 bytes, Stack size 136 bytes, printfa.o(i._printf_core), UNUSED)
<BR><BR>[Calls]<UL><LI><a href="#[113]">&gt;&gt;</a>&nbsp;&nbsp;&nbsp;_printf_pre_padding
<LI><a href="#[114]">&gt;&gt;</a>&nbsp;&nbsp;&nbsp;_printf_post_padding
<LI><a href="#[111]">&gt;&gt;</a>&nbsp;&nbsp;&nbsp;_fp_digits
<LI><a href="#[a4]">&gt;&gt;</a>&nbsp;&nbsp;&nbsp;__aeabi_uldivmod
<LI><a href="#[115]">&gt;&gt;</a>&nbsp;&nbsp;&nbsp;__aeabi_uidivmod
</UL>
<BR>[Called By]<UL><LI><a href="#[110]">&gt;&gt;</a>&nbsp;&nbsp;&nbsp;__0sprintf
<LI><a href="#[10e]">&gt;&gt;</a>&nbsp;&nbsp;&nbsp;__0printf
</UL>

<P><STRONG><a name="[114]"></a>_printf_post_padding</STRONG> (Thumb, 36 bytes, Stack size 24 bytes, printfa.o(i._printf_post_padding), UNUSED)
<BR><BR>[Called By]<UL><LI><a href="#[10f]">&gt;&gt;</a>&nbsp;&nbsp;&nbsp;_printf_core
</UL>

<P><STRONG><a name="[113]"></a>_printf_pre_padding</STRONG> (Thumb, 46 bytes, Stack size 24 bytes, printfa.o(i._printf_pre_padding), UNUSED)
<BR><BR>[Called By]<UL><LI><a href="#[10f]">&gt;&gt;</a>&nbsp;&nbsp;&nbsp;_printf_core
</UL>

<P><STRONG><a name="[56]"></a>_sputc</STRONG> (Thumb, 10 bytes, Stack size 0 bytes, printfa.o(i._sputc))
<BR><BR>[Called By]<UL><LI><a href="#[110]">&gt;&gt;</a>&nbsp;&nbsp;&nbsp;__0sprintf
</UL>
<BR>[Address Reference Count : 1]<UL><LI> printfa.o(i.__0sprintf)
</UL>
<P><STRONG><a name="[9d]"></a>_fp_value</STRONG> (Thumb, 296 bytes, Stack size 64 bytes, scanf_fp.o(.text), UNUSED)
<BR><BR>[Calls]<UL><LI><a href="#[9e]">&gt;&gt;</a>&nbsp;&nbsp;&nbsp;__aeabi_ul2d
<LI><a href="#[9f]">&gt;&gt;</a>&nbsp;&nbsp;&nbsp;__aeabi_dmul
<LI><a href="#[a0]">&gt;&gt;</a>&nbsp;&nbsp;&nbsp;__aeabi_ddiv
</UL>
<BR>[Called By]<UL><LI><a href="#[a1]">&gt;&gt;</a>&nbsp;&nbsp;&nbsp;_scanf_really_real
</UL>

<P><STRONG><a name="[3a]"></a>_scanf_char_input</STRONG> (Thumb, 12 bytes, Stack size 0 bytes, scanf_char.o(.text))
<BR>[Address Reference Count : 1]<UL><LI> scanf_char.o(.text)
</UL>
<P><STRONG><a name="[10d]"></a>SystemClock_Config</STRONG> (Thumb, 144 bytes, Stack size 0 bytes, lto-llvm-abfbe1.o(.text.SystemClock_Config))
<BR><BR>[Called By]<UL><LI><a href="#[35]">&gt;&gt;</a>&nbsp;&nbsp;&nbsp;main
</UL>

<P><STRONG><a name="[dc]"></a>MX_GPIO_Init</STRONG> (Thumb, 18 bytes, Stack size 8 bytes, lto-llvm-abfbe1.o(.text.MX_GPIO_Init))
<BR><BR>[Stack]<UL><LI>Max Depth = 12<LI>Call Chain = MX_GPIO_Init &rArr; LL_APB2_GRP1_EnableClock
</UL>
<BR>[Calls]<UL><LI><a href="#[dd]">&gt;&gt;</a>&nbsp;&nbsp;&nbsp;LL_APB2_GRP1_EnableClock
</UL>
<BR>[Called By]<UL><LI><a href="#[35]">&gt;&gt;</a>&nbsp;&nbsp;&nbsp;main
</UL>

<P><STRONG><a name="[da]"></a>MX_DMA_Init</STRONG> (Thumb, 120 bytes, Stack size 24 bytes, lto-llvm-abfbe1.o(.text.MX_DMA_Init))
<BR><BR>[Stack]<UL><LI>Max Depth = 24<LI>Call Chain = MX_DMA_Init
</UL>
<BR>[Calls]<UL><LI><a href="#[db]">&gt;&gt;</a>&nbsp;&nbsp;&nbsp;OUTLINED_FUNCTION_9
</UL>
<BR>[Called By]<UL><LI><a href="#[35]">&gt;&gt;</a>&nbsp;&nbsp;&nbsp;main
</UL>

<P><STRONG><a name="[45]"></a>MX_UART5_Init</STRONG> (Thumb, 196 bytes, Stack size 72 bytes, lto-llvm-abfbe1.o(.text.MX_UART5_Init))
<BR><BR>[Stack]<UL><LI>Max Depth = 112<LI>Call Chain = MX_UART5_Init &rArr; LL_USART_Init &rArr; LL_RCC_GetSystemClocksFreq
</UL>
<BR>[Calls]<UL><LI><a href="#[d8]">&gt;&gt;</a>&nbsp;&nbsp;&nbsp;LL_USART_Init
<LI><a href="#[e0]">&gt;&gt;</a>&nbsp;&nbsp;&nbsp;OUTLINED_FUNCTION_6
<LI><a href="#[df]">&gt;&gt;</a>&nbsp;&nbsp;&nbsp;LL_GPIO_Init
<LI><a href="#[de]">&gt;&gt;</a>&nbsp;&nbsp;&nbsp;LL_APB2_GRP1_EnableClock.5
</UL>
<BR>[Called By]<UL><LI><a href="#[62]">&gt;&gt;</a>&nbsp;&nbsp;&nbsp;SerialPort_Open
<LI><a href="#[35]">&gt;&gt;</a>&nbsp;&nbsp;&nbsp;main
</UL>
<BR>[Address Reference Count : 1]<UL><LI> lto-llvm-abfbe1.o(.text.SerialPort_Open)
</UL>
<P><STRONG><a name="[ff]"></a>T_Enter</STRONG> (Thumb, 652 bytes, Stack size 48 bytes, lto-llvm-abfbe1.o(.text.T_Enter))
<BR><BR>[Stack]<UL><LI>Max Depth = 692<LI>Call Chain = T_Enter &rArr; Storage_Write &rArr; Storage_CHeck &rArr; memcmp
</UL>
<BR>[Calls]<UL><LI><a href="#[d2]">&gt;&gt;</a>&nbsp;&nbsp;&nbsp;__2printf
<LI><a href="#[101]">&gt;&gt;</a>&nbsp;&nbsp;&nbsp;puts
<LI><a href="#[104]">&gt;&gt;</a>&nbsp;&nbsp;&nbsp;OUTLINED_FUNCTION_8
<LI><a href="#[fc]">&gt;&gt;</a>&nbsp;&nbsp;&nbsp;T_CHeckElementInfo
<LI><a href="#[102]">&gt;&gt;</a>&nbsp;&nbsp;&nbsp;Sys_GetTick
<LI><a href="#[fa]">&gt;&gt;</a>&nbsp;&nbsp;&nbsp;Sys_mDelay
<LI><a href="#[f2]">&gt;&gt;</a>&nbsp;&nbsp;&nbsp;Storage_Flush
<LI><a href="#[f5]">&gt;&gt;</a>&nbsp;&nbsp;&nbsp;Storage_Write
<LI><a href="#[ce]">&gt;&gt;</a>&nbsp;&nbsp;&nbsp;List_Add
<LI><a href="#[103]">&gt;&gt;</a>&nbsp;&nbsp;&nbsp;LL_TIM_Init
<LI><a href="#[e0]">&gt;&gt;</a>&nbsp;&nbsp;&nbsp;OUTLINED_FUNCTION_6
<LI><a href="#[c4]">&gt;&gt;</a>&nbsp;&nbsp;&nbsp;__aeabi_memcpy
<LI><a href="#[95]">&gt;&gt;</a>&nbsp;&nbsp;&nbsp;__aeabi_ldivmod
<LI><a href="#[96]">&gt;&gt;</a>&nbsp;&nbsp;&nbsp;calloc
<LI><a href="#[97]">&gt;&gt;</a>&nbsp;&nbsp;&nbsp;malloc
<LI><a href="#[100]">&gt;&gt;</a>&nbsp;&nbsp;&nbsp;__aeabi_memclr4
</UL>
<BR>[Called By]<UL><LI><a href="#[35]">&gt;&gt;</a>&nbsp;&nbsp;&nbsp;main
</UL>

<P><STRONG><a name="[dd]"></a>LL_APB2_GRP1_EnableClock</STRONG> (Thumb, 24 bytes, Stack size 4 bytes, lto-llvm-abfbe1.o(.text.LL_APB2_GRP1_EnableClock))
<BR><BR>[Stack]<UL><LI>Max Depth = 4<LI>Call Chain = LL_APB2_GRP1_EnableClock
</UL>
<BR>[Called By]<UL><LI><a href="#[dc]">&gt;&gt;</a>&nbsp;&nbsp;&nbsp;MX_GPIO_Init
</UL>

<P><STRONG><a name="[db]"></a>OUTLINED_FUNCTION_9</STRONG> (Thumb, 10 bytes, Stack size 0 bytes, lto-llvm-abfbe1.o(.text.OUTLINED_FUNCTION_9))
<BR><BR>[Called By]<UL><LI><a href="#[81]">&gt;&gt;</a>&nbsp;&nbsp;&nbsp;UH_Flash_WriteBitUnit
<LI><a href="#[7e]">&gt;&gt;</a>&nbsp;&nbsp;&nbsp;UH_Flash_WriteUnit
<LI><a href="#[da]">&gt;&gt;</a>&nbsp;&nbsp;&nbsp;MX_DMA_Init
</UL>

<P><STRONG><a name="[41]"></a>MX_USART1_UART_Init</STRONG> (Thumb, 316 bytes, Stack size 80 bytes, lto-llvm-abfbe1.o(.text.MX_USART1_UART_Init))
<BR><BR>[Stack]<UL><LI>Max Depth = 120<LI>Call Chain = MX_USART1_UART_Init &rArr; LL_USART_Init &rArr; LL_RCC_GetSystemClocksFreq
</UL>
<BR>[Calls]<UL><LI><a href="#[d8]">&gt;&gt;</a>&nbsp;&nbsp;&nbsp;LL_USART_Init
<LI><a href="#[e0]">&gt;&gt;</a>&nbsp;&nbsp;&nbsp;OUTLINED_FUNCTION_6
<LI><a href="#[df]">&gt;&gt;</a>&nbsp;&nbsp;&nbsp;LL_GPIO_Init
<LI><a href="#[de]">&gt;&gt;</a>&nbsp;&nbsp;&nbsp;LL_APB2_GRP1_EnableClock.5
</UL>
<BR>[Address Reference Count : 1]<UL><LI> lto-llvm-abfbe1.o(.text.SerialPort_Open)
</UL>
<P><STRONG><a name="[de]"></a>LL_APB2_GRP1_EnableClock.5</STRONG> (Thumb, 24 bytes, Stack size 4 bytes, lto-llvm-abfbe1.o(.text.LL_APB2_GRP1_EnableClock.5))
<BR><BR>[Stack]<UL><LI>Max Depth = 4<LI>Call Chain = LL_APB2_GRP1_EnableClock.5
</UL>
<BR>[Called By]<UL><LI><a href="#[41]">&gt;&gt;</a>&nbsp;&nbsp;&nbsp;MX_USART1_UART_Init
<LI><a href="#[45]">&gt;&gt;</a>&nbsp;&nbsp;&nbsp;MX_UART5_Init
</UL>

<P><STRONG><a name="[df]"></a>LL_GPIO_Init</STRONG> (Thumb, 212 bytes, Stack size 36 bytes, lto-llvm-abfbe1.o(.text.LL_GPIO_Init))
<BR><BR>[Stack]<UL><LI>Max Depth = 36<LI>Call Chain = LL_GPIO_Init
</UL>
<BR>[Called By]<UL><LI><a href="#[41]">&gt;&gt;</a>&nbsp;&nbsp;&nbsp;MX_USART1_UART_Init
<LI><a href="#[45]">&gt;&gt;</a>&nbsp;&nbsp;&nbsp;MX_UART5_Init
</UL>

<P><STRONG><a name="[e0]"></a>OUTLINED_FUNCTION_6</STRONG> (Thumb, 14 bytes, Stack size 0 bytes, lto-llvm-abfbe1.o(.text.OUTLINED_FUNCTION_6))
<BR><BR>[Called By]<UL><LI><a href="#[41]">&gt;&gt;</a>&nbsp;&nbsp;&nbsp;MX_USART1_UART_Init
<LI><a href="#[ff]">&gt;&gt;</a>&nbsp;&nbsp;&nbsp;T_Enter
<LI><a href="#[45]">&gt;&gt;</a>&nbsp;&nbsp;&nbsp;MX_UART5_Init
</UL>

<P><STRONG><a name="[d8]"></a>LL_USART_Init</STRONG> (Thumb, 168 bytes, Stack size 32 bytes, lto-llvm-abfbe1.o(.text.LL_USART_Init))
<BR><BR>[Stack]<UL><LI>Max Depth = 40<LI>Call Chain = LL_USART_Init &rArr; LL_RCC_GetSystemClocksFreq
</UL>
<BR>[Calls]<UL><LI><a href="#[d9]">&gt;&gt;</a>&nbsp;&nbsp;&nbsp;LL_RCC_GetSystemClocksFreq
</UL>
<BR>[Called By]<UL><LI><a href="#[41]">&gt;&gt;</a>&nbsp;&nbsp;&nbsp;MX_USART1_UART_Init
<LI><a href="#[45]">&gt;&gt;</a>&nbsp;&nbsp;&nbsp;MX_UART5_Init
</UL>

<P><STRONG><a name="[d9]"></a>LL_RCC_GetSystemClocksFreq</STRONG> (Thumb, 108 bytes, Stack size 8 bytes, lto-llvm-abfbe1.o(.text.LL_RCC_GetSystemClocksFreq))
<BR><BR>[Stack]<UL><LI>Max Depth = 8<LI>Call Chain = LL_RCC_GetSystemClocksFreq
</UL>
<BR>[Called By]<UL><LI><a href="#[51]">&gt;&gt;</a>&nbsp;&nbsp;&nbsp;T_PWMProcess
<LI><a href="#[90]">&gt;&gt;</a>&nbsp;&nbsp;&nbsp;SPI_GetSetting
<LI><a href="#[e6]">&gt;&gt;</a>&nbsp;&nbsp;&nbsp;UH_SPI_UpdateSetting
<LI><a href="#[cf]">&gt;&gt;</a>&nbsp;&nbsp;&nbsp;UH_I2C_InitReg
<LI><a href="#[6b]">&gt;&gt;</a>&nbsp;&nbsp;&nbsp;SerialPort_GetSetting
<LI><a href="#[eb]">&gt;&gt;</a>&nbsp;&nbsp;&nbsp;UH_UART_UpdateSetting
<LI><a href="#[d8]">&gt;&gt;</a>&nbsp;&nbsp;&nbsp;LL_USART_Init
</UL>

<P><STRONG><a name="[103]"></a>LL_TIM_Init</STRONG> (Thumb, 132 bytes, Stack size 16 bytes, lto-llvm-abfbe1.o(.text.LL_TIM_Init))
<BR><BR>[Stack]<UL><LI>Max Depth = 16<LI>Call Chain = LL_TIM_Init
</UL>
<BR>[Called By]<UL><LI><a href="#[ff]">&gt;&gt;</a>&nbsp;&nbsp;&nbsp;T_Enter
</UL>

<P><STRONG><a name="[bb]"></a>COM_Read</STRONG> (Thumb, 38 bytes, Stack size 8 bytes, lto-llvm-abfbe1.o(.text.COM_Read))
<BR><BR>[Stack]<UL><LI>Max Depth = 76<LI>Call Chain = COM_Read &rArr; FrameQueue_Dequeue &rArr; FrameQueue_AskDeQueue_Inner
</UL>
<BR>[Calls]<UL><LI><a href="#[5a]">&gt;&gt;</a>&nbsp;&nbsp;&nbsp;FrameQueue_Dequeue
</UL>
<BR>[Called By]<UL><LI><a href="#[71]">&gt;&gt;</a>&nbsp;&nbsp;&nbsp;I2C_Read
<LI><a href="#[64]">&gt;&gt;</a>&nbsp;&nbsp;&nbsp;SerialPort_Read
</UL>

<P><STRONG><a name="[5a]"></a>FrameQueue_Dequeue</STRONG> (Thumb, 190 bytes, Stack size 48 bytes, lto-llvm-abfbe1.o(.text.FrameQueue_Dequeue))
<BR><BR>[Stack]<UL><LI>Max Depth = 68<LI>Call Chain = FrameQueue_Dequeue &rArr; FrameQueue_AskDeQueue_Inner
</UL>
<BR>[Calls]<UL><LI><a href="#[c5]">&gt;&gt;</a>&nbsp;&nbsp;&nbsp;FrameQueue_IncReadIndex
<LI><a href="#[c3]">&gt;&gt;</a>&nbsp;&nbsp;&nbsp;FrameQueue_AskDeQueue_Inner
<LI><a href="#[c4]">&gt;&gt;</a>&nbsp;&nbsp;&nbsp;__aeabi_memcpy
</UL>
<BR>[Called By]<UL><LI><a href="#[d3]">&gt;&gt;</a>&nbsp;&nbsp;&nbsp;UHC_COM_PacketSended
<LI><a href="#[ba]">&gt;&gt;</a>&nbsp;&nbsp;&nbsp;OUTLINED_FUNCTION_5
<LI><a href="#[bb]">&gt;&gt;</a>&nbsp;&nbsp;&nbsp;COM_Read
</UL>
<BR>[Address Reference Count : 1]<UL><LI> lto-llvm-abfbe1.o(.rodata..compoundliteral.111)
</UL>
<P><STRONG><a name="[bc]"></a>COM_Write</STRONG> (Thumb, 52 bytes, Stack size 16 bytes, lto-llvm-abfbe1.o(.text.COM_Write))
<BR><BR>[Stack]<UL><LI>Max Depth = 80<LI>Call Chain = COM_Write &rArr; FrameQueue_Enqueue &rArr; FrameQueue_AskEnqueue
</UL>
<BR>[Calls]<UL><LI><a href="#[59]">&gt;&gt;</a>&nbsp;&nbsp;&nbsp;FrameQueue_Enqueue
</UL>
<BR>[Called By]<UL><LI><a href="#[d1]">&gt;&gt;</a>&nbsp;&nbsp;&nbsp;OUTLINED_FUNCTION_11
</UL>

<P><STRONG><a name="[59]"></a>FrameQueue_Enqueue</STRONG> (Thumb, 256 bytes, Stack size 48 bytes, lto-llvm-abfbe1.o(.text.FrameQueue_Enqueue))
<BR><BR>[Stack]<UL><LI>Max Depth = 64<LI>Call Chain = FrameQueue_Enqueue &rArr; FrameQueue_AskEnqueue
</UL>
<BR>[Calls]<UL><LI><a href="#[5b]">&gt;&gt;</a>&nbsp;&nbsp;&nbsp;FrameQueue_AskEnqueue
<LI><a href="#[c4]">&gt;&gt;</a>&nbsp;&nbsp;&nbsp;__aeabi_memcpy
</UL>
<BR>[Called By]<UL><LI><a href="#[d4]">&gt;&gt;</a>&nbsp;&nbsp;&nbsp;UHC_COM_DataReceived
<LI><a href="#[bc]">&gt;&gt;</a>&nbsp;&nbsp;&nbsp;COM_Write
</UL>
<BR>[Address Reference Count : 1]<UL><LI> lto-llvm-abfbe1.o(.rodata..compoundliteral.111)
</UL>
<P><STRONG><a name="[b8]"></a>COM_PickReceivedStream</STRONG> (Thumb, 20 bytes, Stack size 16 bytes, lto-llvm-abfbe1.o(.text.COM_PickReceivedStream))
<BR><BR>[Stack]<UL><LI>Max Depth = 52<LI>Call Chain = COM_PickReceivedStream &rArr; FrameQueue_AskDequeue &rArr; FrameQueue_AskDeQueue_Inner
</UL>
<BR>[Calls]<UL><LI><a href="#[5c]">&gt;&gt;</a>&nbsp;&nbsp;&nbsp;FrameQueue_AskDequeue
</UL>
<BR>[Called By]<UL><LI><a href="#[50]">&gt;&gt;</a>&nbsp;&nbsp;&nbsp;T_UartProcess
<LI><a href="#[76]">&gt;&gt;</a>&nbsp;&nbsp;&nbsp;I2C_PickReceivedStream
<LI><a href="#[69]">&gt;&gt;</a>&nbsp;&nbsp;&nbsp;SerialPort_PickReceivedStream
</UL>

<P><STRONG><a name="[5c]"></a>FrameQueue_AskDequeue</STRONG> (Thumb, 10 bytes, Stack size 16 bytes, lto-llvm-abfbe1.o(.text.FrameQueue_AskDequeue))
<BR><BR>[Stack]<UL><LI>Max Depth = 36<LI>Call Chain = FrameQueue_AskDequeue &rArr; FrameQueue_AskDeQueue_Inner
</UL>
<BR>[Calls]<UL><LI><a href="#[c3]">&gt;&gt;</a>&nbsp;&nbsp;&nbsp;FrameQueue_AskDeQueue_Inner
</UL>
<BR>[Called By]<UL><LI><a href="#[d3]">&gt;&gt;</a>&nbsp;&nbsp;&nbsp;UHC_COM_PacketSended
<LI><a href="#[b9]">&gt;&gt;</a>&nbsp;&nbsp;&nbsp;COM_PickWriteStream
<LI><a href="#[b8]">&gt;&gt;</a>&nbsp;&nbsp;&nbsp;COM_PickReceivedStream
</UL>
<BR>[Address Reference Count : 1]<UL><LI> lto-llvm-abfbe1.o(.rodata..compoundliteral.111)
</UL>
<P><STRONG><a name="[b9]"></a>COM_PickWriteStream</STRONG> (Thumb, 54 bytes, Stack size 24 bytes, lto-llvm-abfbe1.o(.text.COM_PickWriteStream))
<BR><BR>[Stack]<UL><LI>Max Depth = 92<LI>Call Chain = COM_PickWriteStream &rArr; OUTLINED_FUNCTION_5 &rArr; FrameQueue_Dequeue &rArr; FrameQueue_AskDeQueue_Inner
</UL>
<BR>[Calls]<UL><LI><a href="#[ba]">&gt;&gt;</a>&nbsp;&nbsp;&nbsp;OUTLINED_FUNCTION_5
<LI><a href="#[5c]">&gt;&gt;</a>&nbsp;&nbsp;&nbsp;FrameQueue_AskDequeue
</UL>
<BR>[Called By]<UL><LI><a href="#[c9]">&gt;&gt;</a>&nbsp;&nbsp;&nbsp;I2Cx_EV_IRQHandler
<LI><a href="#[10c]">&gt;&gt;</a>&nbsp;&nbsp;&nbsp;Uart_IRQHandler
<LI><a href="#[72]">&gt;&gt;</a>&nbsp;&nbsp;&nbsp;I2C_Write
<LI><a href="#[65]">&gt;&gt;</a>&nbsp;&nbsp;&nbsp;SerialPort_Write
</UL>

<P><STRONG><a name="[ba]"></a>OUTLINED_FUNCTION_5</STRONG> (Thumb, 12 bytes, Stack size 0 bytes, lto-llvm-abfbe1.o(.text.OUTLINED_FUNCTION_5))
<BR><BR>[Stack]<UL><LI>Max Depth = 68<LI>Call Chain = OUTLINED_FUNCTION_5 &rArr; FrameQueue_Dequeue &rArr; FrameQueue_AskDeQueue_Inner
</UL>
<BR>[Calls]<UL><LI><a href="#[5a]">&gt;&gt;</a>&nbsp;&nbsp;&nbsp;FrameQueue_Dequeue
</UL>
<BR>[Called By]<UL><LI><a href="#[71]">&gt;&gt;</a>&nbsp;&nbsp;&nbsp;I2C_Read
<LI><a href="#[ec]">&gt;&gt;</a>&nbsp;&nbsp;&nbsp;UART_BeginRx
<LI><a href="#[b9]">&gt;&gt;</a>&nbsp;&nbsp;&nbsp;COM_PickWriteStream
</UL>

<P><STRONG><a name="[b7]"></a>COM_AskWriteBuffer</STRONG> (Thumb, 20 bytes, Stack size 16 bytes, lto-llvm-abfbe1.o(.text.COM_AskWriteBuffer))
<BR><BR>[Stack]<UL><LI>Max Depth = 32<LI>Call Chain = COM_AskWriteBuffer &rArr; FrameQueue_AskEnqueue
</UL>
<BR>[Calls]<UL><LI><a href="#[5b]">&gt;&gt;</a>&nbsp;&nbsp;&nbsp;FrameQueue_AskEnqueue
</UL>
<BR>[Called By]<UL><LI><a href="#[77]">&gt;&gt;</a>&nbsp;&nbsp;&nbsp;I2C_AskWriteBuffer
<LI><a href="#[6a]">&gt;&gt;</a>&nbsp;&nbsp;&nbsp;SerialPort_AskWriteBuffer
</UL>

<P><STRONG><a name="[5b]"></a>FrameQueue_AskEnqueue</STRONG> (Thumb, 44 bytes, Stack size 16 bytes, lto-llvm-abfbe1.o(.text.FrameQueue_AskEnqueue))
<BR><BR>[Stack]<UL><LI>Max Depth = 16<LI>Call Chain = FrameQueue_AskEnqueue
</UL>
<BR>[Called By]<UL><LI><a href="#[71]">&gt;&gt;</a>&nbsp;&nbsp;&nbsp;I2C_Read
<LI><a href="#[ec]">&gt;&gt;</a>&nbsp;&nbsp;&nbsp;UART_BeginRx
<LI><a href="#[b7]">&gt;&gt;</a>&nbsp;&nbsp;&nbsp;COM_AskWriteBuffer
<LI><a href="#[59]">&gt;&gt;</a>&nbsp;&nbsp;&nbsp;FrameQueue_Enqueue
</UL>
<BR>[Address Reference Count : 1]<UL><LI> lto-llvm-abfbe1.o(.rodata..compoundliteral.111)
</UL>
<P><STRONG><a name="[d3]"></a>UHC_COM_PacketSended</STRONG> (Thumb, 148 bytes, Stack size 32 bytes, lto-llvm-abfbe1.o(.text.UHC_COM_PacketSended))
<BR><BR>[Stack]<UL><LI>Max Depth = 100<LI>Call Chain = UHC_COM_PacketSended &rArr; FrameQueue_Dequeue &rArr; FrameQueue_AskDeQueue_Inner
</UL>
<BR>[Calls]<UL><LI><a href="#[d2]">&gt;&gt;</a>&nbsp;&nbsp;&nbsp;__2printf
<LI><a href="#[5c]">&gt;&gt;</a>&nbsp;&nbsp;&nbsp;FrameQueue_AskDequeue
<LI><a href="#[5a]">&gt;&gt;</a>&nbsp;&nbsp;&nbsp;FrameQueue_Dequeue
</UL>
<BR>[Called By]<UL><LI><a href="#[c9]">&gt;&gt;</a>&nbsp;&nbsp;&nbsp;I2Cx_EV_IRQHandler
<LI><a href="#[4a]">&gt;&gt;</a>&nbsp;&nbsp;&nbsp;UH_UART_DMASendReport
</UL>

<P><STRONG><a name="[d4]"></a>UHC_COM_DataReceived</STRONG> (Thumb, 76 bytes, Stack size 24 bytes, lto-llvm-abfbe1.o(.text.UHC_COM_DataReceived))
<BR><BR>[Stack]<UL><LI>Max Depth = 88<LI>Call Chain = UHC_COM_DataReceived &rArr; FrameQueue_Enqueue &rArr; FrameQueue_AskEnqueue
</UL>
<BR>[Calls]<UL><LI><a href="#[59]">&gt;&gt;</a>&nbsp;&nbsp;&nbsp;FrameQueue_Enqueue
</UL>
<BR>[Called By]<UL><LI><a href="#[c9]">&gt;&gt;</a>&nbsp;&nbsp;&nbsp;I2Cx_EV_IRQHandler
<LI><a href="#[108]">&gt;&gt;</a>&nbsp;&nbsp;&nbsp;UHC_UART_DataReceived
</UL>

<P><STRONG><a name="[60]"></a>SerialPort_Init</STRONG> (Thumb, 104 bytes, Stack size 40 bytes, lto-llvm-abfbe1.o(.text.SerialPort_Init))
<BR><BR>[Stack]<UL><LI>Max Depth = 84<LI>Call Chain = SerialPort_Init &rArr; FrameQueue_Create &rArr; calloc &rArr; malloc
</UL>
<BR>[Calls]<UL><LI><a href="#[ce]">&gt;&gt;</a>&nbsp;&nbsp;&nbsp;List_Add
<LI><a href="#[57]">&gt;&gt;</a>&nbsp;&nbsp;&nbsp;FrameQueue_Create
<LI><a href="#[61]">&gt;&gt;</a>&nbsp;&nbsp;&nbsp;SerialPort_DeInit
<LI><a href="#[cd]">&gt;&gt;</a>&nbsp;&nbsp;&nbsp;List_Contains
</UL>
<BR>[Called By]<UL><LI><a href="#[50]">&gt;&gt;</a>&nbsp;&nbsp;&nbsp;T_UartProcess
</UL>
<BR>[Address Reference Count : 1]<UL><LI> lto-llvm-abfbe1.o(.rodata..compoundliteral.33)
</UL>
<P><STRONG><a name="[cd]"></a>List_Contains</STRONG> (Thumb, 18 bytes, Stack size 0 bytes, lto-llvm-abfbe1.o(.text.List_Contains))
<BR><BR>[Calls]<UL><LI><a href="#[cd]">&gt;&gt;</a>&nbsp;&nbsp;&nbsp;List_Contains
</UL>
<BR>[Called By]<UL><LI><a href="#[6d]">&gt;&gt;</a>&nbsp;&nbsp;&nbsp;I2C_Init
<LI><a href="#[cd]">&gt;&gt;</a>&nbsp;&nbsp;&nbsp;List_Contains
<LI><a href="#[60]">&gt;&gt;</a>&nbsp;&nbsp;&nbsp;SerialPort_Init
</UL>

<P><STRONG><a name="[61]"></a>SerialPort_DeInit</STRONG> (Thumb, 44 bytes, Stack size 16 bytes, lto-llvm-abfbe1.o(.text.SerialPort_DeInit))
<BR><BR>[Stack]<UL><LI>Max Depth = 24<LI>Call Chain = SerialPort_DeInit &rArr; FrameQueue_Dispose &rArr; free
</UL>
<BR>[Calls]<UL><LI><a href="#[58]">&gt;&gt;</a>&nbsp;&nbsp;&nbsp;FrameQueue_Dispose
[...]
</UL>

<P><STRONG><a name="[bf]"></a>DateTime_IsLeapYear</STRONG> (Thumb, 44 bytes, Stack size 0 bytes, lto-llvm-abfbe1.o(.text.DateTime_IsLeapYear))
<BR><BR>[Called By]<UL><LI><a href="#[c0]">&gt;&gt;</a>&nbsp;&nbsp;&nbsp;DateTime_ToString
<LI><a href="#[be]">&gt;&gt;</a>&nbsp;&nbsp;&nbsp;DateTime_SetDateTime
</UL>

<P><STRONG><a name="[c0]"></a>DateTime_ToString</STRONG> (Thumb, 280 bytes, Stack size 72 bytes, lto-llvm-abfbe1.o(.text.DateTime_ToString))
<BR><BR>[Stack]<UL><LI>Max Depth = 152<LI>Call Chain = DateTime_ToString &rArr; lldiv &rArr; __aeabi_ldivmod &rArr; __aeabi_uldivmod
</UL>
<BR>[Calls]<UL><LI><a href="#[c1]">&gt;&gt;</a>&nbsp;&nbsp;&nbsp;__2sprintf
<LI><a href="#[94]">&gt;&gt;</a>&nbsp;&nbsp;&nbsp;lldiv
<LI><a href="#[bf]">&gt;&gt;</a>&nbsp;&nbsp;&nbsp;DateTime_IsLeapYear
</UL>
<BR>[Called By]<UL><LI><a href="#[4b]">&gt;&gt;</a>&nbsp;&nbsp;&nbsp;T_RWSysTime
<LI><a href="#[4d]">&gt;&gt;</a>&nbsp;&nbsp;&nbsp;T_Process
</UL>

<P><STRONG><a name="[106]"></a>List_Find</STRONG> (Thumb, 30 bytes, Stack size 16 bytes, lto-llvm-abfbe1.o(.text.List_Find))
<BR><BR>[Stack]<UL><LI>Max Depth = 16<LI>Call Chain = List_Find
</UL>
<BR>[Called By]<UL><LI><a href="#[4e]">&gt;&gt;</a>&nbsp;&nbsp;&nbsp;Thread_CreateAddThread
</UL>

<P><STRONG><a name="[c3]"></a>FrameQueue_AskDeQueue_Inner</STRONG> (Thumb, 116 bytes, Stack size 20 bytes, lto-llvm-abfbe1.o(.text.FrameQueue_AskDeQueue_Inner))
<BR><BR>[Stack]<UL><LI>Max Depth = 20<LI>Call Chain = FrameQueue_AskDeQueue_Inner
</UL>
<BR>[Called By]<UL><LI><a href="#[5c]">&gt;&gt;</a>&nbsp;&nbsp;&nbsp;FrameQueue_AskDequeue
<LI><a href="#[5a]">&gt;&gt;</a>&nbsp;&nbsp;&nbsp;FrameQueue_Dequeue
</UL>

<P><STRONG><a name="[c5]"></a>FrameQueue_IncReadIndex</STRONG> (Thumb, 62 bytes, Stack size 16 bytes, lto-llvm-abfbe1.o(.text.FrameQueue_IncReadIndex))
<BR><BR>[Stack]<UL><LI>Max Depth = 16<LI>Call Chain = FrameQueue_IncReadIndex
</UL>
<BR>[Called By]<UL><LI><a href="#[5a]">&gt;&gt;</a>&nbsp;&nbsp;&nbsp;FrameQueue_Dequeue
</UL>

<P><STRONG><a name="[5d]"></a>FrameQueue_RemBufferSize</STRONG> (Thumb, 4 bytes, Stack size 0 bytes, lto-llvm-abfbe1.o(.text.FrameQueue_RemBufferSize))
<BR><BR>[Calls]<UL><LI><a href="#[c7]">&gt;&gt;</a>&nbsp;&nbsp;&nbsp;OUTLINED_FUNCTION_1
</UL>
<BR>[Address Reference Count : 1]<UL><LI> lto-llvm-abfbe1.o(.rodata..compoundliteral.111)
</UL>
<P><STRONG><a name="[5e]"></a>FrameQueue_Clear</STRONG> (Thumb, 14 bytes, Stack size 0 bytes, lto-llvm-abfbe1.o(.text.FrameQueue_Clear))
<BR>[Address Reference Count : 1]<UL><LI> lto-llvm-abfbe1.o(.rodata..compoundliteral.111)
</UL>
<P><STRONG><a name="[5f]"></a>FrameQueue_GetState</STRONG> (Thumb, 4 bytes, Stack size 0 bytes, lto-llvm-abfbe1.o(.text.FrameQueue_GetState))
<BR>[Address Reference Count : 1]<UL><LI> lto-llvm-abfbe1.o(.rodata..compoundliteral.111)
</UL>
<P><STRONG><a name="[4e]"></a>Thread_CreateAddThread</STRONG> (Thumb, 244 bytes, Stack size 40 bytes, lto-llvm-abfbe1.o(.text.Thread_CreateAddThread))
<BR><BR>[Stack]<UL><LI>Max Depth = 56<LI>Call Chain = Thread_CreateAddThread &rArr; List_Find
</UL>
<BR>[Calls]<UL><LI><a href="#[106]">&gt;&gt;</a>&nbsp;&nbsp;&nbsp;List_Find
<LI><a href="#[ce]">&gt;&gt;</a>&nbsp;&nbsp;&nbsp;List_Add
</UL>
<BR>[Address Reference Count : 1]<UL><LI> lto-llvm-abfbe1.o(.text.T_Enter)
</UL>
<P><STRONG><a name="[54]"></a>Thread_FindCHeckFun</STRONG> (Thumb, 26 bytes, Stack size 0 bytes, lto-llvm-abfbe1.o(.text.Thread_FindCHeckFun))
<BR>[Address Reference Count : 1]<UL><LI> lto-llvm-abfbe1.o(.text.Thread_CreateAddThread)
</UL>
<P><STRONG><a name="[4c]"></a>Thread_Service</STRONG> (Thumb, 128 bytes, Stack size 24 bytes, lto-llvm-abfbe1.o(.text.Thread_Service))
<BR><BR>[Stack]<UL><LI>Max Depth = 24<LI>Call Chain = Thread_Service
</UL>
<BR>[Calls]<UL><LI><a href="#[cc]">&gt;&gt;</a>&nbsp;&nbsp;&nbsp;List_Remove
<LI><a href="#[100]">&gt;&gt;</a>&nbsp;&nbsp;&nbsp;__aeabi_memclr4
</UL>
<BR>[Address Reference Count : 1]<UL><LI> lto-llvm-abfbe1.o(.text.T_Enter)
</UL>
<P><STRONG><a name="[bd]"></a>UH_DMA_OnEvent</STRONG> (Thumb, 56 bytes, Stack size 8 bytes, lto-llvm-abfbe1.o(.text.UH_DMA_OnEvent))
<BR><BR>[Stack]<UL><LI>Max Depth = 8<LI>Call Chain = UH_DMA_OnEvent
</UL>
<BR>[Called By]<UL><LI><a href="#[1b]">&gt;&gt;</a>&nbsp;&nbsp;&nbsp;DMA1_Channel7_IRQHandler
<LI><a href="#[1a]">&gt;&gt;</a>&nbsp;&nbsp;&nbsp;DMA1_Channel6_IRQHandler
<LI><a href="#[19]">&gt;&gt;</a>&nbsp;&nbsp;&nbsp;DMA1_Channel5_IRQHandler
<LI><a href="#[18]">&gt;&gt;</a>&nbsp;&nbsp;&nbsp;DMA1_Channel4_IRQHandler
<LI><a href="#[17]">&gt;&gt;</a>&nbsp;&nbsp;&nbsp;DMA1_Channel3_IRQHandler
<LI><a href="#[16]">&gt;&gt;</a>&nbsp;&nbsp;&nbsp;DMA1_Channel2_IRQHandler
</UL>

<P><STRONG><a name="[e1]"></a>OUTLINED_FUNCTION_0</STRONG> (Thumb, 16 bytes, Stack size 0 bytes, lto-llvm-abfbe1.o(.text.OUTLINED_FUNCTION_0))
<BR><BR>[Stack]<UL><LI>Max Depth = 16<LI>Call Chain = OUTLINED_FUNCTION_0 &rArr; LL_GPIO_SetPinMode
</UL>
<BR>[Calls]<UL><LI><a href="#[d5]">&gt;&gt;</a>&nbsp;&nbsp;&nbsp;LL_GPIO_SetPinMode
</UL>
<BR>[Called By]<UL><LI><a href="#[e5]">&gt;&gt;</a>&nbsp;&nbsp;&nbsp;UH_GPIO_SetMode
</UL>

<P><STRONG><a name="[10b]"></a>OUTLINED_FUNCTION_3</STRONG> (Thumb, 24 bytes, Stack size 0 bytes, lto-llvm-abfbe1.o(.text.OUTLINED_FUNCTION_3))
<BR><BR>[Called By]<UL><LI><a href="#[e5]">&gt;&gt;</a>&nbsp;&nbsp;&nbsp;UH_GPIO_SetMode
</UL>

<P><STRONG><a name="[d5]"></a>LL_GPIO_SetPinMode</STRONG> (Thumb, 14 bytes, Stack size 16 bytes, lto-llvm-abfbe1.o(.text.LL_GPIO_SetPinMode))
<BR><BR>[Stack]<UL><LI>Max Depth = 16<LI>Call Chain = LL_GPIO_SetPinMode
</UL>
<BR>[Calls]<UL><LI><a href="#[d6]">&gt;&gt;</a>&nbsp;&nbsp;&nbsp;OUTLINED_FUNCTION_2
</UL>
<BR>[Called By]<UL><LI><a href="#[e1]">&gt;&gt;</a>&nbsp;&nbsp;&nbsp;OUTLINED_FUNCTION_0
<LI><a href="#[e5]">&gt;&gt;</a>&nbsp;&nbsp;&nbsp;UH_GPIO_SetMode
</UL>

<P><STRONG><a name="[d7]"></a>LL_GPIO_SetPinOutputType</STRONG> (Thumb, 14 bytes, Stack size 16 bytes, lto-llvm-abfbe1.o(.text.LL_GPIO_SetPinOutputType))
<BR><BR>[Stack]<UL><LI>Max Depth = 16<LI>Call Chain = LL_GPIO_SetPinOutputType
</UL>
<BR>[Calls]<UL><LI><a href="#[d6]">&gt;&gt;</a>&nbsp;&nbsp;&nbsp;OUTLINED_FUNCTION_2
</UL>
<BR>[Called By]<UL><LI><a href="#[e5]">&gt;&gt;</a>&nbsp;&nbsp;&nbsp;UH_GPIO_SetMode
</UL>

<P><STRONG><a name="[d6]"></a>OUTLINED_FUNCTION_2</STRONG> (Thumb, 22 bytes, Stack size 0 bytes, lto-llvm-abfbe1.o(.text.OUTLINED_FUNCTION_2))
<BR><BR>[Called By]<UL><LI><a href="#[d7]">&gt;&gt;</a>&nbsp;&nbsp;&nbsp;LL_GPIO_SetPinOutputType
<LI><a href="#[d5]">&gt;&gt;</a>&nbsp;&nbsp;&nbsp;LL_GPIO_SetPinMode
</UL>

<P><STRONG><a name="[c2]"></a>UH_GPIO_ExITHandler</STRONG> (Thumb, 16 bytes, Stack size 0 bytes, lto-llvm-abfbe1.o(.text.UH_GPIO_ExITHandler))
<BR><BR>[Called By]<UL><LI><a href="#[32]">&gt;&gt;</a>&nbsp;&nbsp;&nbsp;EXTI15_10_IRQHandler
<LI><a href="#[21]">&gt;&gt;</a>&nbsp;&nbsp;&nbsp;EXTI9_5_IRQHandler
<LI><a href="#[14]">&gt;&gt;</a>&nbsp;&nbsp;&nbsp;EXTI4_IRQHandler
<LI><a href="#[13]">&gt;&gt;</a>&nbsp;&nbsp;&nbsp;EXTI3_IRQHandler
<LI><a href="#[12]">&gt;&gt;</a>&nbsp;&nbsp;&nbsp;EXTI2_IRQHandler
<LI><a href="#[11]">&gt;&gt;</a>&nbsp;&nbsp;&nbsp;EXTI1_IRQHandler
<LI><a href="#[10]">&gt;&gt;</a>&nbsp;&nbsp;&nbsp;EXTI0_IRQHandler
</UL>

<P><STRONG><a name="[10c]"></a>Uart_IRQHandler</STRONG> (Thumb, 232 bytes, Stack size 32 bytes, lto-llvm-abfbe1.o(.text.Uart_IRQHandler))
<BR><BR>[Stack]<UL><LI>Max Depth = 140<LI>Call Chain = Uart_IRQHandler &rArr; UHC_UART_DataReceived &rArr; UART_BeginRx &rArr; OUTLINED_FUNCTION_5 &rArr; FrameQueue_Dequeue &rArr; FrameQueue_AskDeQueue_Inner
</UL>
<BR>[Calls]<UL><LI><a href="#[108]">&gt;&gt;</a>&nbsp;&nbsp;&nbsp;UHC_UART_DataReceived
<LI><a href="#[ef]">&gt;&gt;</a>&nbsp;&nbsp;&nbsp;SerialPort_Find
<LI><a href="#[ed]">&gt;&gt;</a>&nbsp;&nbsp;&nbsp;SerialPort_SendData
<LI><a href="#[e8]">&gt;&gt;</a>&nbsp;&nbsp;&nbsp;UH_DMA_SuspendTrans
<LI><a href="#[ec]">&gt;&gt;</a>&nbsp;&nbsp;&nbsp;UART_BeginRx
<LI><a href="#[b9]">&gt;&gt;</a>&nbsp;&nbsp;&nbsp;COM_PickWriteStream
</UL>
<BR>[Called By]<UL><LI><a href="#[31]">&gt;&gt;</a>&nbsp;&nbsp;&nbsp;USART3_IRQHandler
<LI><a href="#[30]">&gt;&gt;</a>&nbsp;&nbsp;&nbsp;USART2_IRQHandler
<LI><a href="#[2f]">&gt;&gt;</a>&nbsp;&nbsp;&nbsp;USART1_IRQHandler
</UL>

<P><STRONG><a name="[7c]"></a>UH_Flash_Init</STRONG> (Thumb, 4 bytes, Stack size 0 bytes, lto-llvm-abfbe1.o(.text.UH_Flash_Init))
<BR>[Address Reference Count : 1]<UL><LI> lto-llvm-abfbe1.o(.rodata.g_InnerFlashManager)
</UL>
<P><STRONG><a name="[7d]"></a>UH_Flash_Read</STRONG> (Thumb, 16 bytes, Stack size 8 bytes, lto-llvm-abfbe1.o(.text.UH_Flash_Read))
<BR><BR>[Stack]<UL><LI>Max Depth = 8<LI>Call Chain = UH_Flash_Read
</UL>
<BR>[Calls]<UL><LI><a href="#[c4]">&gt;&gt;</a>&nbsp;&nbsp;&nbsp;__aeabi_memcpy
</UL>
<BR>[Address Reference Count : 1]<UL><LI> lto-llvm-abfbe1.o(.rodata.g_InnerFlashManager)
</UL>
<P><STRONG><a name="[7e]"></a>UH_Flash_WriteUnit</STRONG> (Thumb, 28 bytes, Stack size 16 bytes, lto-llvm-abfbe1.o(.text.UH_Flash_WriteUnit))
<BR><BR>[Stack]<UL><LI>Max Depth = 16<LI>Call Chain = UH_Flash_WriteUnit
</UL>
<BR>[Calls]<UL><LI><a href="#[10a]">&gt;&gt;</a>&nbsp;&nbsp;&nbsp;UH_Flash_Unlock
<LI><a href="#[db]">&gt;&gt;</a>&nbsp;&nbsp;&nbsp;OUTLINED_FUNCTION_9
</UL>
<BR>[Address Reference Count : 1]<UL><LI> lto-llvm-abfbe1.o(.rodata.g_InnerFlashManager)
</UL>
<P><STRONG><a name="[10a]"></a>UH_Flash_Unlock</STRONG> (Thumb, 32 bytes, Stack size 0 bytes, lto-llvm-abfbe1.o(.text.UH_Flash_Unlock))
<BR><BR>[Called By]<UL><LI><a href="#[81]">&gt;&gt;</a>&nbsp;&nbsp;&nbsp;UH_Flash_WriteBitUnit
<LI><a href="#[7f]">&gt;&gt;</a>&nbsp;&nbsp;&nbsp;UH_Flash_EraseUnit
<LI><a href="#[7e]">&gt;&gt;</a>&nbsp;&nbsp;&nbsp;UH_Flash_WriteUnit
</UL>

<P><STRONG><a name="[7f]"></a>UH_Flash_EraseUnit</STRONG> (Thumb, 44 bytes, Stack size 16 bytes, lto-llvm-abfbe1.o(.text.UH_Flash_EraseUnit))
<BR><BR>[Stack]<UL><LI>Max Depth = 16<LI>Call Chain = UH_Flash_EraseUnit
</UL>
<BR>[Calls]<UL><LI><a href="#[10a]">&gt;&gt;</a>&nbsp;&nbsp;&nbsp;UH_Flash_Unlock
</UL>
<BR>[Address Reference Count : 1]<UL><LI> lto-llvm-abfbe1.o(.rodata.g_InnerFlashManager)
</UL>
<P><STRONG><a name="[80]"></a>UH_Flash_IsBusy</STRONG> (Thumb, 44 bytes, Stack size 0 bytes, lto-llvm-abfbe1.o(.text.UH_Flash_IsBusy))
<BR>[Address Reference Count : 1]<UL><LI> lto-llvm-abfbe1.o(.rodata.g_InnerFlashManager)
</UL>
<P><STRONG><a name="[81]"></a>UH_Flash_WriteBitUnit</STRONG> (Thumb, 100 bytes, Stack size 16 bytes, lto-llvm-abfbe1.o(.text.UH_Flash_WriteBitUnit))
<BR><BR>[Stack]<UL><LI>Max Depth = 16<LI>Call Chain = UH_Flash_WriteBitUnit
</UL>
<BR>[Calls]<UL><LI><a href="#[10a]">&gt;&gt;</a>&nbsp;&nbsp;&nbsp;UH_Flash_Unlock
<LI><a href="#[db]">&gt;&gt;</a>&nbsp;&nbsp;&nbsp;OUTLINED_FUNCTION_9
</UL>
<BR>[Address Reference Count : 1]<UL><LI> lto-llvm-abfbe1.o(.rodata.g_InnerFlashManager)
</UL>
<P><STRONG><a name="[82]"></a>UH_Flash_DisableEWProtect</STRONG> (Thumb, 72 bytes, Stack size 8 bytes, lto-llvm-abfbe1.o(.text.UH_Flash_DisableEWProtect))
<BR><BR>[Stack]<UL><LI>Max Depth = 8<LI>Call Chain = UH_Flash_DisableEWProtect
</UL>
<BR>[Calls]<UL><LI><a href="#[109]">&gt;&gt;</a>&nbsp;&nbsp;&nbsp;UH_Flash_WaitForLastOperation_Inner
</UL>
<BR>[Address Reference Count : 1]<UL><LI> lto-llvm-abfbe1.o(.rodata.g_InnerFlashManager)
</UL>
<P><STRONG><a name="[109]"></a>UH_Flash_WaitForLastOperation_Inner</STRONG> (Thumb, 64 bytes, Stack size 0 bytes, lto-llvm-abfbe1.o(.text.UH_Flash_WaitForLastOperation_Inner))
<BR><BR>[Called By]<UL><LI><a href="#[82]">&gt;&gt;</a>&nbsp;&nbsp;&nbsp;UH_Flash_DisableEWProtect
</UL>

<P><STRONG><a name="[83]"></a>UH_Flash_EnableEWProtect</STRONG> (Thumb, 4 bytes, Stack size 0 bytes, lto-llvm-abfbe1.o(.text.UH_Flash_EnableEWProtect))
<BR>[Address Reference Count : 1]<UL><LI> lto-llvm-abfbe1.o(.rodata.g_InnerFlashManager)
</UL>
<P><STRONG><a name="[84]"></a>UH_Flash_IsEWProtect</STRONG> (Thumb, 4 bytes, Stack size 0 bytes, lto-llvm-abfbe1.o(.text.UH_Flash_IsEWProtect))
<BR>[Address Reference Count : 1]<UL><LI> lto-llvm-abfbe1.o(.rodata.g_InnerFlashManager)
</UL>
<P><STRONG><a name="[c9]"></a>I2Cx_EV_IRQHandler</STRONG> (Thumb, 472 bytes, Stack size 48 bytes, lto-llvm-abfbe1.o(.text.I2Cx_EV_IRQHandler))
<BR><BR>[Stack]<UL><LI>Max Depth = 148<LI>Call Chain = I2Cx_EV_IRQHandler &rArr; UHC_COM_PacketSended &rArr; FrameQueue_Dequeue &rArr; FrameQueue_AskDeQueue_Inner
</UL>
<BR>[Calls]<UL><LI><a href="#[d0]">&gt;&gt;</a>&nbsp;&nbsp;&nbsp;I2CNode_Find
<LI><a href="#[ca]">&gt;&gt;</a>&nbsp;&nbsp;&nbsp;I2CNode_SendData
<LI><a href="#[d4]">&gt;&gt;</a>&nbsp;&nbsp;&nbsp;UHC_COM_DataReceived
<LI><a href="#[d3]">&gt;&gt;</a>&nbsp;&nbsp;&nbsp;UHC_COM_PacketSended
<LI><a href="#[b9]">&gt;&gt;</a>&nbsp;&nbsp;&nbsp;COM_PickWriteStream
</UL>
<BR>[Called By]<UL><LI><a href="#[2b]">&gt;&gt;</a>&nbsp;&nbsp;&nbsp;I2C2_EV_IRQHandler
<LI><a href="#[29]">&gt;&gt;</a>&nbsp;&nbsp;&nbsp;I2C1_EV_IRQHandler
</UL>

<P><STRONG><a name="[c8]"></a>I2Cx_ER_IRQHandler</STRONG> (Thumb, 44 bytes, Stack size 16 bytes, lto-llvm-abfbe1.o(.text.I2Cx_ER_IRQHandler))
<BR><BR>[Stack]<UL><LI>Max Depth = 16<LI>Call Chain = I2Cx_ER_IRQHandler
</UL>
<BR>[Calls]<UL><LI><a href="#[d0]">&gt;&gt;</a>&nbsp;&nbsp;&nbsp;I2CNode_Find
</UL>
<BR>[Called By]<UL><LI><a href="#[2c]">&gt;&gt;</a>&nbsp;&nbsp;&nbsp;I2C2_ER_IRQHandler
<LI><a href="#[2a]">&gt;&gt;</a>&nbsp;&nbsp;&nbsp;I2C1_ER_IRQHandler
</UL>

<P><STRONG><a name="[fc]"></a>T_CHeckElementInfo</STRONG> (Thumb, 108 bytes, Stack size 40 bytes, lto-llvm-abfbe1.o(.text.T_CHeckElementInfo))
<BR><BR>[Stack]<UL><LI>Max Depth = 52<LI>Call Chain = T_CHeckElementInfo &rArr; strncmp
</UL>
<BR>[Calls]<UL><LI><a href="#[fe]">&gt;&gt;</a>&nbsp;&nbsp;&nbsp;strncmp
<LI><a href="#[fd]">&gt;&gt;</a>&nbsp;&nbsp;&nbsp;strlen
</UL>
<BR>[Called By]<UL><LI><a href="#[ff]">&gt;&gt;</a>&nbsp;&nbsp;&nbsp;T_Enter
</UL>

<P><STRONG><a name="[104]"></a>OUTLINED_FUNCTION_8</STRONG> (Thumb, 6 bytes, Stack size 0 bytes, lto-llvm-abfbe1.o(.text.OUTLINED_FUNCTION_8))
<BR><BR>[Called By]<UL><LI><a href="#[ff]">&gt;&gt;</a>&nbsp;&nbsp;&nbsp;T_Enter
</UL>

<P><STRONG><a name="[4d]"></a>T_Process</STRONG> (Thumb, 80 bytes, Stack size 88 bytes, lto-llvm-abfbe1.o(.text.T_Process))
<BR><BR>[Stack]<UL><LI>Max Depth = 240<LI>Call Chain = T_Process &rArr; DateTime_ToString &rArr; lldiv &rArr; __aeabi_ldivmod &rArr; __aeabi_uldivmod
</UL>
<BR>[Calls]<UL><LI><a href="#[d2]">&gt;&gt;</a>&nbsp;&nbsp;&nbsp;__2printf
<LI><a href="#[c0]">&gt;&gt;</a>&nbsp;&nbsp;&nbsp;DateTime_ToString
<LI><a href="#[be]">&gt;&gt;</a>&nbsp;&nbsp;&nbsp;DateTime_SetDateTime
<LI><a href="#[e4]">&gt;&gt;</a>&nbsp;&nbsp;&nbsp;UH_GPIO_WritePin
</UL>
<BR>[Address Reference Count : 1]<UL><LI> lto-llvm-abfbe1.o(.text.T_Enter)
</UL>
<P><STRONG><a name="[4f]"></a>T_FlashTestProcess</STRONG> (Thumb, 124 bytes, Stack size 40 bytes, lto-llvm-abfbe1.o(.text.T_FlashTestProcess))
<BR><BR>[Stack]<UL><LI>Max Depth = 684<LI>Call Chain = T_FlashTestProcess &rArr; Storage_Write &rArr; Storage_CHeck &rArr; memcmp
</UL>
<BR>[Calls]<UL><LI><a href="#[f1]">&gt;&gt;</a>&nbsp;&nbsp;&nbsp;memcmp
<LI><a href="#[101]">&gt;&gt;</a>&nbsp;&nbsp;&nbsp;puts
<LI><a href="#[f9]">&gt;&gt;</a>&nbsp;&nbsp;&nbsp;Storage_ReadInner
<LI><a href="#[f6]">&gt;&gt;</a>&nbsp;&nbsp;&nbsp;Storage_GetBlockMidData
<LI><a href="#[f5]">&gt;&gt;</a>&nbsp;&nbsp;&nbsp;Storage_Write
</UL>
<BR>[Address Reference Count : 1]<UL><LI> lto-llvm-abfbe1.o(.text.T_Enter)
</UL>
<P><STRONG><a name="[50]"></a>T_UartProcess</STRONG> (Thumb, 128 bytes, Stack size 32 bytes, lto-llvm-abfbe1.o(.text.T_UartProcess))
<BR><BR>[Stack]<UL><LI>Max Depth = 176<LI>Call Chain = T_UartProcess &rArr; SerialPort_Open &rArr; MX_UART5_Init &rArr; LL_USART_Init &rArr; LL_RCC_GetSystemClocksFreq
</UL>
<BR>[Calls]<UL><LI><a href="#[d2]">&gt;&gt;</a>&nbsp;&nbsp;&nbsp;__2printf
<LI><a href="#[101]">&gt;&gt;</a>&nbsp;&nbsp;&nbsp;puts
<LI><a href="#[66]">&gt;&gt;</a>&nbsp;&nbsp;&nbsp;SerialPort_ReceiveByteCount
<LI><a href="#[65]">&gt;&gt;</a>&nbsp;&nbsp;&nbsp;SerialPort_Write
<LI><a href="#[62]">&gt;&gt;</a>&nbsp;&nbsp;&nbsp;SerialPort_Open
<LI><a href="#[60]">&gt;&gt;</a>&nbsp;&nbsp;&nbsp;SerialPort_Init
<LI><a href="#[b8]">&gt;&gt;</a>&nbsp;&nbsp;&nbsp;COM_PickReceivedStream
<LI><a href="#[96]">&gt;&gt;</a>&nbsp;&nbsp;&nbsp;calloc
</UL>
<BR>[Address Reference Count : 1]<UL><LI> lto-llvm-abfbe1.o(.text.T_Enter)
</UL>
<P><STRONG><a name="[51]"></a>T_PWMProcess</STRONG> (Thumb, 140 bytes, Stack size 24 bytes, lto-llvm-abfbe1.o(.text.T_PWMProcess))
<BR><BR>[Stack]<UL><LI>Max Depth = 48<LI>Call Chain = T_PWMProcess &rArr; __2printf
</UL>
<BR>[Calls]<UL><LI><a href="#[d2]">&gt;&gt;</a>&nbsp;&nbsp;&nbsp;__2printf
<LI><a href="#[d9]">&gt;&gt;</a>&nbsp;&nbsp;&nbsp;LL_RCC_GetSystemClocksFreq
</UL>
<BR>[Address Reference Count : 1]<UL><LI> lto-llvm-abfbe1.o(.text.T_Enter)
</UL>
<P><STRONG><a name="[52]"></a>T_I2CProcess_Master</STRONG> (Thumb, 296 bytes, Stack size 32 bytes, lto-llvm-abfbe1.o(.text.T_I2CProcess_Master))
<BR><BR>[Stack]<UL><LI>Max Depth = 148<LI>Call Chain = T_I2CProcess_Master &rArr; I2C_Write &rArr; COM_PickWriteStream &rArr; OUTLINED_FUNCTION_5 &rArr; FrameQueue_Dequeue &rArr; FrameQueue_AskDeQueue_Inner
</UL>
<BR>[Calls]<UL><LI><a href="#[d2]">&gt;&gt;</a>&nbsp;&nbsp;&nbsp;__2printf
<LI><a href="#[105]">&gt;&gt;</a>&nbsp;&nbsp;&nbsp;OUTLINED_FUNCTION_7
<LI><a href="#[e2]">&gt;&gt;</a>&nbsp;&nbsp;&nbsp;OUTLINED_FUNCTION_13
<LI><a href="#[72]">&gt;&gt;</a>&nbsp;&nbsp;&nbsp;I2C_Write
<LI><a href="#[71]">&gt;&gt;</a>&nbsp;&nbsp;&nbsp;I2C_Read
<LI><a href="#[6f]">&gt;&gt;</a>&nbsp;&nbsp;&nbsp;I2C_Open
<LI><a href="#[6d]">&gt;&gt;</a>&nbsp;&nbsp;&nbsp;I2C_Init
<LI><a href="#[96]">&gt;&gt;</a>&nbsp;&nbsp;&nbsp;calloc
</UL>
<BR>[Address Reference Count : 1]<UL><LI> lto-llvm-abfbe1.o(.text.T_Enter)
</UL>
<P><STRONG><a name="[53]"></a>T_SPIMSProcess_Master</STRONG> (Thumb, 164 bytes, Stack size 32 bytes, lto-llvm-abfbe1.o(.text.T_SPIMSProcess_Master))
<BR><BR>[Stack]<UL><LI>Max Depth = 96<LI>Call Chain = T_SPIMSProcess_Master &rArr; SPI_Open &rArr; UH_SPI_UpdateSetting &rArr; LL_RCC_GetSystemClocksFreq
</UL>
<BR>[Calls]<UL><LI><a href="#[d2]">&gt;&gt;</a>&nbsp;&nbsp;&nbsp;__2printf
<LI><a href="#[105]">&gt;&gt;</a>&nbsp;&nbsp;&nbsp;OUTLINED_FUNCTION_7
<LI><a href="#[e2]">&gt;&gt;</a>&nbsp;&nbsp;&nbsp;OUTLINED_FUNCTION_13
<LI><a href="#[87]">&gt;&gt;</a>&nbsp;&nbsp;&nbsp;SPI_Open
<LI><a href="#[85]">&gt;&gt;</a>&nbsp;&nbsp;&nbsp;SPI_Init
</UL>
<BR>[Address Reference Count : 1]<UL><LI> lto-llvm-abfbe1.o(.text.T_Enter)
</UL>
<P><STRONG><a name="[e2]"></a>OUTLINED_FUNCTION_13</STRONG> (Thumb, 6 bytes, Stack size 0 bytes, lto-llvm-abfbe1.o(.text.OUTLINED_FUNCTION_13))
<BR><BR>[Calls]<UL><LI><a href="#[e3]">&gt;&gt;</a>&nbsp;&nbsp;&nbsp;putchar
</UL>
<BR>[Called By]<UL><LI><a href="#[53]">&gt;&gt;</a>&nbsp;&nbsp;&nbsp;T_SPIMSProcess_Master
<LI><a href="#[52]">&gt;&gt;</a>&nbsp;&nbsp;&nbsp;T_I2CProcess_Master
</UL>

<P><STRONG><a name="[105]"></a>OUTLINED_FUNCTION_7</STRONG> (Thumb, 14 bytes, Stack size 0 bytes, lto-llvm-abfbe1.o(.text.OUTLINED_FUNCTION_7))
<BR><BR>[Called By]<UL><LI><a href="#[53]">&gt;&gt;</a>&nbsp;&nbsp;&nbsp;T_SPIMSProcess_Master
<LI><a href="#[52]">&gt;&gt;</a>&nbsp;&nbsp;&nbsp;T_I2CProcess_Master
</UL>

<P><STRONG><a name="[4b]"></a>T_RWSysTime</STRONG> (Thumb, 156 bytes, Stack size 72 bytes, lto-llvm-abfbe1.o(.text.T_RWSysTime))
<BR><BR>[Stack]<UL><LI>Max Depth = 336<LI>Call Chain = T_RWSysTime &rArr; __0sscanf &rArr; __vfscanf_char &rArr; __vfscanf &rArr; _scanf_real
</UL>
<BR>[Calls]<UL><LI><a href="#[fd]">&gt;&gt;</a>&nbsp;&nbsp;&nbsp;strlen
<LI><a href="#[c0]">&gt;&gt;</a>&nbsp;&nbsp;&nbsp;DateTime_ToString
<LI><a href="#[be]">&gt;&gt;</a>&nbsp;&nbsp;&nbsp;DateTime_SetDateTime
<LI><a href="#[c4]">&gt;&gt;</a>&nbsp;&nbsp;&nbsp;__aeabi_memcpy
<LI><a href="#[98]">&gt;&gt;</a>&nbsp;&nbsp;&nbsp;__0sscanf
<LI><a href="#[100]">&gt;&gt;</a>&nbsp;&nbsp;&nbsp;__aeabi_memclr4
</UL>
<BR>[Address Reference Count : 2]<UL><LI> lto-llvm-abfbe1.o(ElementInfo)
<LI> lto-llvm-abfbe1.o(.text.T_CHeckElementInfo)
</UL><P>
<H3>
Undefined Global Symbols
</H3><HR></body></html>
