<html>
<body>
<pre>
<h1>µVision Build Log</h1>
<h2>Tool Versions:</h2>
IDE-Version: ¦ÌVision V5.36.0.0
Copyright (C) 2021 ARM Ltd and ARM Germany GmbH. All rights reserved.
License Information: ÕÔ Ã÷, ¸öÈË, LIC=Q7GU5-GYL88-SG47K-Z3HF8-FE8BW-L9H25
 
Tool Versions:
Toolchain:       MDK-ARM Professional  Version: 5.39.0.0
Toolchain Path:  D:\Keil_v5\ARM\ARMCLANG\Bin
C Compiler:      ArmClang.exe V6.21
Assembler:       Armasm.exe V6.21
Linker/Locator:  ArmLink.exe V6.21
Library Manager: ArmAr.exe V6.21
Hex Converter:   FromElf.exe V6.21
CPU DLL:         SARMCM3.DLL V5.39.0.0
Dialog DLL:      DCM.DLL V1.17.5.0
Target DLL:      UL2CM3.DLL V1.164.9.0
Dialog DLL:      TCM.DLL V1.56.4.0
 
<h2>Project:</h2>
F:\Git_Local\zmFramework\Demo\STM32F103\MDK-ARM\Demo.uvprojx
Project File Date:  08/09/2025

<h2>Output:</h2>
*** Using Compiler 'V6.21', folder: 'D:\Keil_v5\ARM\ARMCLANG\Bin'
Build target 'Debug'
assembling startup_stm32f103xb.s...
startup_stm32f103xb.s: Warning: A1950W: The legacy armasm assembler is deprecated. Consider using the armclang integrated assembler instead.
compiling stm32f1xx_hal_msp.c...
compiling usart.c...
compiling stm32f1xx_it.c...
compiling iwdg.c...
compiling gpio.c...
compiling dma.c...
compiling main.c...
compiling tim.c...
compiling stm32f1xx_ll_gpio.c...
compiling stm32f1xx_ll_rcc.c...
compiling stm32f1xx_ll_utils.c...
compiling stm32f1xx_ll_dma.c...
compiling system_stm32f1xx.c...
compiling stm32f1xx_ll_usart.c...
compiling stm32f1xx_ll_exti.c...
compiling stm32f1xx_ll_tim.c...
compiling zmCOMBase.c...
compiling zmSerialPort.c...
compiling zmGPIO.c...
compiling zmPWM.c...
compiling zmI2C.c...
compiling zmStorage.c...
compiling zmElementInfo.c...
compiling zmList.c...
compiling zmSys.c...
compiling zmDateTime.c...
compiling zmDebugManager.c...
compiling zmFrameQueue.c...
compiling zmQueueWriter.c...
compiling zmThread.c...
compiling UH_DMA.c...
compiling UH_GPIO.c...
compiling HAL_Config.c...
compiling UH_Sys.c...
compiling UH_Uart.c...
compiling UH_PWM_Counter.c...
compiling UH_Flash.c...
compiling UH_ThreadTimer.c...
compiling Test.c...
compiling UH_I2C.c...
linking...
Program Size: Code=20492 RO-data=1020 RW-data=12 ZI-data=10524  
FromELF: creating hex file...
".\Demo\zmFrameWorkTest.axf" - 0 Error(s), 1 Warning(s).

<h2>Software Packages used:</h2>

Package Vendor: ARM
                http://www.keil.com/pack/ARM.CMSIS.5.9.0.pack
                ARM.CMSIS.5.9.0
                CMSIS (Common Microcontroller Software Interface Standard)
   * Component: CORE Version: 5.6.0

Package Vendor: GorgonMeducer
                https://raw.githubusercontent.com/GorgonMeducer/PLOOC/master/cmsis-pack/GorgonMeducer.PLOOC.4.6.3.pack
                GorgonMeducer.PLOOC.4.6.3
                The Protected Low-overhead Object Oriented Programming with ANSI-C, a.k.a PLOOC ['plu:k] is a set of well-polished C macro templates for praticing the Object-Oriented programming.
   * Component: PLOOC Version: 4.6.2

Package Vendor: Keil
                http://www.keil.com/pack/Keil.STM32F1xx_DFP.2.3.0.pack
                Keil.STM32F1xx_DFP.2.3.0
                STMicroelectronics STM32F1 Series Device Support, Drivers and Examples

<h2>Collection of Component include folders:</h2>
  .\RTE\_Debug
  D:\Keil_v5\ARM\PACK\ARM\CMSIS\5.9.0\CMSIS\Core\Include
  D:\Keil_v5\ARM\PACK\GorgonMeducer\PLOOC\4.6.3
  D:\Keil_v5\ARM\PACK\Keil\STM32F1xx_DFP\2.3.0\Device\Include

<h2>Collection of Component Files used:</h2>

   * Component: ARM::CMSIS:CORE:5.6.0

   * Component: GorgonMeducer::Language Extension:PLOOC:4.6.2
      Include file:  plooc.h
      Include file:  plooc_class.h
      Source file:   template\class\class_name.c
      Include file:  template\derived_class\class_name.h
      Include file:  template\class\class_name.h
      Source file:   template\derived_class\class_name.c
Build Time Elapsed:  00:00:14
</pre>
</body>
</html>
